SKITIANPCS: 83 new, 0 changed

NEW (83):
  X3EBRO    Thomas Castilla
  X3ECATH   Catherine
  X3ECH     Charmaine Hornkeeper
  X3EDAR    Darlene Yaris
  X3EDER    Derrick
  X3EFATH   Charles Castilla
  X3EGOD    Godfrey Hornkeeper
  X3EGUARD  Guard
  X3EGVJ    Gregory Von Jergunson
  X3ELOVE   Alina
  X3EMES    Messenger
  X3EMI     Emily
  X3EMI25   Emily
  X3EMYR    Myron
  X3EPHL    Planar Hunter Leader
  X3HARV    Arvora
  X3HDB     Harim Battlebringer
  X3HDC     Duncan Righthammer
  X3HDD     Boris the Unyielding
  X3HEL     Helga
  X3HEL25   Helga
  X3HGEM    Gigi
  X3HPOOR   Poor Man
  X3HR1F1   Warrior
  X3HR1F2   Warrior
  X3HR1R    Rogue
  X3HR2C1   Cleric
  X3HR2F1   Warrior
  X3HR2M1   Mage
  X3HRL     Rulendo
  X3HSCRY   Abermon
  X3HSON    Berk
  X3HZAG1   Contact
  X3HZAG2   Mercenary
  X3HZAVA   Zavatar
  X3KAL     Kale
  X3KAL25   Kale
  X3KALV    Kale
  X3KBRYCE  Sergeant Bryce
  X3KC      Chester
  X3KD      Dallie
  X3KF      Flora
  X3KJIL    Jillian
  X3KLOVE   Alora
  X3KM      Martin
  X3KMERC   Mercenary
  X3KMERC2  Mercenary
  X3KMERC3  Mercenary
  X3RAMB1   Bounty Hunter
  X3RAMB2   Hired Killer
  X3RB1     Bandit
  X3RB2     Bandit
  X3RB3     Bandit
  X3RB4     Bandit
  X3RB5     Bandit
  X3RB6     Bandit
  X3REB     Recorder
  X3REB25   Recorder
  X3REMOVE  The Remover
  X3RFER    Gustav
  X3RKID    Raban
  X3RLOVE   Raban
  X3RM      Aerik
  X3RM25    Aerik
  X3RMOM    Siria
  X3RPHEL   Phelgrim
  X3RPIR1   Pirate
  X3RPIR2   Pirate
  X3RPIR3   Pirate
  X3RPIR4   Pirate
  X3RTANYA  Tanya
  X3VADRIE  Adrie
  X3VDROW   Xel'nu
  X3VDROW2  Drow Warrior
  X3VDROW3  Drow Warrior
  X3VG      Amnian Soldier
  X3VGAL    Galidan
  X3VIE     Vienxay
  X3VIE25   Vienxay
  X3VLOVE   Leondolis
  X3VSAG25  Sules'terim
  X3VSAGE   Sules'terim
  X3VSAMIR  Samir
