SELLSWORDS: 141 new, 0 changed

NEW (141):
  O#LLARD1  Drow
  O#LLARD2  Drow
  O#LLARD3  Drow
  O#LLARD4  Drow
  O#LLARD5  Drow
  O#LLARD6  Drow
  O#LLARG1  Magic Golem
  O#LLARG2  Magic Golem
  O#LLARG3  Magic Golem
  O#LLARTE  Artemis Entreri
  O#LLARU1  Mummy
  O#LLARU2  Mummy
  O#LLARU3  Mummy
  O#LLARU4  Mummy
  O#LLARU5  Mummy
  O#LLARU6  Mummy
  O#LLBAN1  Drow
  O#LLBAN2  Drow Warrior
  O#LLBAN3  Drow
  O#LLBOR   Bor Jeven
  O#LLBOY   Boy
  O#LLBRO2  Drow
  O#LLBROW  Drow Wizard
  O#LLCAPT  Captain Jeven
  O#LLDARR  Drow Warrior
  O#LLDEM   Demon
  O#LLDUE1  Duergar
  O#LLDUE2  Duergar
  O#LLDUER  Duergar
  O#LLFIG1  Jergan
  O#LLFIG2  K'Hui
  O#LLFIG3  Vintul
  O#LLFIG4  Drow Warrior
  O#LLFIG5  Drow
  O#LLFIG6  Drow Warrior
  O#LLFIGM  Mas'sai
  O#LLGIRL  Girl
  O#LLGIT2  Knight
  O#LLGIT3  Knight
  O#LLGIT4  Knight
  O#LLGITH  Knight
  O#LLGIW   Knight
  O#LLGIW1  Knight
  O#LLGIW2  Knight
  O#LLGIW3  Knight
  O#LLGIW4  Knight
  O#LLGOL1  Brain Golem
  O#LLGOL2  Brain Golem
  O#LLGOL3  Brain Golem
  O#LLGUA1  Greater Earth Elemental
  O#LLGUA2  Greater Earth Elemental
  O#LLGUA3  Drow Warrior
  O#LLGUA4  Drow Warrior
  O#LLGUA5  Yochlol
  O#LLGUA6  Glabrezu
  O#LLILJ1  Mind Flayer
  O#LLILJ2  Mind Flayer
  O#LLILL1  Mind Flayer
  O#LLILL2  Mind Flayer
  O#LLISTE  Drow Warrior
  O#LLJARL  Jarlaxle
  O#LLJEY   Jey're Jeven
  O#LLJEY1  Drow Warrior
  O#LLJEY2  Drow
  O#LLJEY3  Drow
  O#LLKIMM  Kimmuriel
  O#LLKOB1  Kobold
  O#LLKOB2  Kobold
  O#LLKOB3  Kobold
  O#LLKOBA  Koba
  O#LLLAVA  Lavaes
  O#LLLORN  Lorn Jeven
  O#LLLUM1  Commoner
  O#LLLUM2  Commoner
  O#LLLUW1  Commoner
  O#LLLUW2  Commoner
  O#LLMAN1  Commoner
  O#LLMAN2  Commoner
  O#LLMAN3  Commoner
  O#LLMAN4  Commoner
  O#LLMAN5  Commoner
  O#LLMAN6  Commoner
  O#LLMATR  Matron Mother Jeven
  O#LLMERA  Drow
  O#LLMERE  Merae Jeven
  O#LLMERP  Drow
  O#LLMERS  Drow
  O#LLMERW  Drow
  O#LLMESS  Drow
  O#LLNELR  Nelros
  O#LLORB1  Elder Orb
  O#LLORB2  Elder Orb
  O#LLPRI2  Drow Priestess
  O#LLPRIE  Drow Priestess
  O#LLRIEL  Drow Priestess
  O#LLRIV0  Drow
  O#LLRIV1  Drow
  O#LLRIV2  Drow
  O#LLRIV3  Drow
  O#LLRIV4  Drow
  O#LLRIV5  Drow
  O#LLRIV6  Drow
  O#LLRIV7  Drow
  O#LLRIV8  Drow
  O#LLRIV9  Drow
  O#LLSEXM  Drow
  O#LLSEXW  Drow
  O#LLSHA1  Shadow Fiend
  O#LLSHA2  Shadow Fiend
  O#LLSHA3  Shadow Fiend
  O#LLSHA4  Shadow Fiend
  O#LLSHA5  Shadow Fiend
  O#LLSHA6  Shadow Fiend
  O#LLSHAD  Devil Shade
  O#LLSPI1  Giant Spider
  O#LLSPI2  Giant Spider
  O#LLSPI3  Giant Spider
  O#LLSPI4  Giant Spider
  O#LLSPY1  Drow
  O#LLSPY2  Drow
  O#LLSPY3  Drow
  O#LLSPY4  Drow Wizard
  O#LLTAM1  Commoner
  O#LLTAM2  Commoner
  O#LLTAV   Drow Bartender
  O#LLTAW1  Commoner
  O#LLTAW2  Commoner
  O#LLTRO1  Giant Troll
  O#LLTRO2  Giant Troll
  O#LLTRO3  Spirit Troll
  O#LLTRO4  Spirit Troll
  O#LLUMB1  Umber Hulk
  O#LLUMB2  Umber Hulk
  O#LLWOM1  Commoner
  O#LLWOM2  Commoner
  O#LLWOM3  Commoner
  O#LLWOM4  Commoner
  O#LLWOM5  Commoner
  O#LLWOM6  Commoner
  O#LLZEDE  Zedeon
  O#LLZEDM  Drow Wizard
