TOTDG: 41 new, 0 changed

NEW (41):
  0XAL2DG   Hooded Alchemist
  0XALCDG   Barney
  0XALCHDG  Hooded Man
  0XBEGDG   Beggar
  0XCOM1DG  Man
  0XCOM2DG  Man
  0XCOM3DG  Man
  0XCOM4DG  Man
  0XCOM5DG  Man
  0XDREADG  Colour's Dream
  0XELDDG   Elder
  0XGGUADG  Guardian
  0XGIRLDG  Girl
  0XGOLDG   Envious Gold
  0XGREDG   Living Green
  0XGUIDG   Marble Gaze
  0XGWDG    Green Witch
  0XINDG    Man
  0XLORDDG  Lord of Black Dream
  0XLOV1DG  Gentle Touch
  0XLOV2DG  Temper Touch
  0XM1DG    Hooded Alchemist
  0XM2DG    Hooded Keeper
  0XMANDG   Troubled man
  0XOLDDG   Senex
  0XPRIDG   Hooded Priest
  0XREDDG   Wrathful Red
  0XRGUADG  Guardian
  0XRWDG    Red Witch
  0XSGUADG  Guardian
  0XSILDG   Silver Monument
  0XSTDG    Silvertongue
  0XSWDG    Silver Witch
  0XTHI1DG  Boy
  0XTHI2DG  Woman
  0XUDDG    Skeleton
  0XWI2DG   Mysterious Wizard
  0XWIZDG   Mysterious Wizard
  0XYHDG    Gray Victim
  0XYM1DG   Man wearing Yellow
  0XYM2DG   Man wearing Yellow
