INLOVEUNDEATH: 24 new, 1 changed

NEW (24):
  L#XZE     Xzelë
  L#XZE25   Xzelë
  L#XZEAGE  Man in Blue
  L#XZEANK  Dreadful Zombie Ankheg
  L#XZEANS  Zombie Ankheg
  L#XZEBD1  Krandy Valinsz
  L#XZEBD2  Bennick Valinsz
  L#XZEBD3  Vigin Valinsz
  L#XZECHI  Ou'Ghallazz, The Three-Headed Beast
  L#XZECLE  Arlg, The Skeletal Cleric
  L#XZECUR  Taszandav, the Curst
  L#XZEDWA  Gidgin, the Gone Dwarf
  L#XZEGOL  Grave Dirt Golem
  L#XZEOH2  Imoalle
  L#XZEOHM  Ohm, the Ghoul
  L#XZEP1A  Cherished Skeleton
  L#XZEP1B  Cherished Skeleton
  L#XZEP1C  Cherished Skeleton
  L#XZEP1D  Cherished Skeleton
  L#XZEP1E  Cherished Skeleton
  L#XZEP1F  Cherished Skeleton
  L#XZESTA  Tivelteris
  L#XZEWR2  Livri
  L#XZEWRA  Cvann

CHANGED (1):
  SHADRA01  Thaxll'ssillyia
    weapon1: dragblaw -> DRAGBLAW
