JUNIPERANDTHESTONELEECH: 19 new, 0 changed

NEW (19):
  L#JN      Juniper
  L#JNARC   Old Man
  L#JNBAG   Baghi
  L#JNBATH  Bathed in Blood
  L#JNBONE  Dried Bones
  L#JNCOWE  Starving Coyotlwere
  L#JNCOY   Coyote
  L#JNDOG   Azor
  L#JNDYBB  Dybbuk-Possessed Priest
  L#JNENE   Eneothêp, The Stone-Sickle
  L#JNENE2  Eneothêp, The Stone-Sickle
  L#JNHSN   Sythlissvin, The Snake Father
  L#JNJACW  Jackalwere
  L#JNMINI  That with Burnt Wings
  L#JNSGUA  Scorched Phoenix Guard
  L#JNSNA   Sand Snake
  L#JNSUC   Succubus
  L#JNVLA   Vlatov
  L#JNYAN   Yannka
