WINGS: 43 new, 0 changed

NEW (43):
  B2#AML25  Ammale
  B2#AMML   Ammale
  B2#ARTIS  Artist
  B2#BLKN   Black Knight
  B2#COMM1  Commoner
  B2#COMM2  Commoner
  B2#COMW1  Commoner
  B2#GRKN   Green Knight
  B2#JOE    Joe
  B2#KATH   Kathy
  B2#LILI   Lilian
  B2#PHIL   Philip
  B2#PHNX   Phoenix
  B2#PIKN   Pink Kinght
  B2#RAPT   Raptair
  B2#TIRA   Tira
  B2#WHKN   White Knight
  X3WCE     Slaver
  X3WCL     Slaver Lieutenant
  X3WFME    Slaver
  X3WFML    Slaver Lieutenant
  X3WFMM    Slaver
  X3WFRE    Slaver
  X3WFRL    Slaver Lieutenant
  X3WFRM    Slaver
  X3WG      Amnian Soldier
  X3WGD     Amnian Soldier
  X3WLAR25  Laravyl
  X3WLARA   Laravyl
  X3WME     Slaver
  X3WMER    Merchant Arben
  X3WML     Slaver Lieutenant
  X3WPA     Olly's Bodyguard
  X3WPF     Olly's Bodyguard
  X3WPM     Argin Olly
  X3WPR     Olly's Bodyguard
  X3WPRAX   Lord Praxis
  X3WRAP25  Raptair
  X3WRE     Slaver
  X3WRL     Slaver Lieutenant
  X3WRM     Slaver
  X3WSPY    Rat
  X3WTRENT  Trent
