MINSCFRIENDSHIP: 0 new, 179 changed

CHANGED (179):
  AMTARC01  Tethyrian Archer
    dialog: amtarc01 -> AMTARC01
    level: 8 -> 12
    generalScript: tethbat -> TETHBAT
    defaultScript: gpmerc -> D0AMTMER
    helmet:  -> HELM01
    weapon1: bow24 -> BOW24
    weapon2:  -> SW1H09
    xpv: 3500 -> 4500
  AMTCAP01  Tethyrian Captain
    dialog: amtcap01 -> AMTCAP01
    level: 10 -> 14
    generalScript: tethbat -> TETHBAT
    defaultScript: gpmerc -> D0AMTMER
    helmet: helm13 -> HELM13
    weapon1: sw1h72 -> SW1H72
    xpv: 7300 -> 9000
  AMTCLE01  Cleric Of Lathander
    class: CLERIC -> CLERIC_RANGER
    level: 10 -> 13
    defaultScript: gphealer -> D0AMTHEA
    helmet:  -> HELM04
    weapon1: blun01 -> BLUN03
    xpv: 5400 -> 7000
  AMTGEN01  Jamis Tombelthen
    dialog: amtgen01 -> AMTGEN01
    level: 16 -> 18
    defaultScript: gpmerc -> D0AMTMER
    shield: sw1h77 -> SW1H77
    weapon1: sw1h73 -> SW1H73
    xpv: 10000 -> 15000
  AMTMAG01  Tethyrian Battlemage
    dialog: amtmag01 -> AMTMAG01
    level: 10 -> 14
    raceScript: tethbat -> TETHBAT
    generalScript: spseq14a -> 
    defaultScript: gpmage2 -> D0AMTMAG
    weapon1:  -> SW1H08
    xpv: 4000 -> 10000
  AMTPIK01  Tethyrian Pikeman
    dialog: amtpik01 -> AMTPIK01
    level: 8 -> 11
    generalScript: tethbat -> TETHBAT
    defaultScript: gpmerc -> D0AMTMER
    helmet:  -> HELM01
    weapon1: sper05 -> SPER05
    xpv: 5000 -> 6500
  ARAN      Aran Linvail
    level: 14 -> 16
    classScript: stdeath -> D0ARAN
    raceScript: None -> STDEATH
    generalScript: None -> 
    helmet: helmnoan -> HELMNOAN
    lring:  -> AIFAST
    weapon1: sw1h29 -> SW1H29
    weapon2: xbow09 -> XBOW09
  ARAN02    Aran Linvail
    level: 14 -> 16
    overrideScript: magthf14 -> SHOUTDLG
    classScript: SHOUTDLG -> D0ARAN
    raceScript: gpuse -> 
    helmet: helmnoan -> HELMNOAN
    lring: ring07 -> RING07
    rring:  -> AIFAST
    amulet: amul21 -> AMUL21
    weapon1: sw1h29 -> SW1H29
    weapon2: xbow09 -> XBOW09
  ARNBOY01  Apprentice Torturer Douglas
    generalScript: None -> WTRUNSGT
  ARNFGT03  Shadow Thief Archer
    defaultScript: wtarsgt -> D0QPARGU
  ARNFGT04  Shadow Thief Thug
    level: 10 -> 12
    generalScript: wtasight -> D0QPARGU
    weapon1: HAMM01 -> HAMM02
    weapon2:  -> AX1H04
    xpv: 1400 -> 2400
  ARNMAN01  Prisoner
    defaultScript: None -> D0PRISON
  ARNMAN02  Prisoner
    defaultScript: None -> D0PRISON
  ARNMAN03  Cuchul
    generalScript: None -> WTASIGHT
  ARNMAN04  Mitsu
    generalScript: None -> WTASIGHT
  ARNMAN05  Achon
    generalScript: None -> WTASIGHT
  ARNMAN06  Prisoner
    defaultScript: None -> D0PRISON
  ARNMAN07  Prisoner
    defaultScript: None -> D0PRISON
  ARNMAN08  Shadow Thief
    generalScript: None -> WTASIGHT
  ARNMAN09  Shadow Thief
    generalScript: None -> WTASIGHT
  ARNMAN10  Trainee
    generalScript: None -> WTASIGHT
  ARNMAN11  Trainee
    generalScript: None -> WTASIGHT
  ARNTRA03  Trainee
    generalScript: None -> WTASIGHT
  ARNTRA04  Trainee
    generalScript: None -> WTASIGHT
  ARNTRA05  Shadow Thief
    generalScript: None -> WTASIGHT
  ARNTRA06  Shadow Thief
    generalScript: None -> WTASIGHT
  ARNWAR01  Shadow Thief Archer
    classScript: None -> D0AWBUFF
  ARNWAR02  Shadow Thief Thug
    classScript: None -> D0AWBUFF
  ARNWAR03  Shadow Thief
    classScript: None -> D0AWBUFF
  ARNWAR04  Shadow Thief Footpad
    classScript: None -> D0AWBUFF
  ARNWAR05  Shadow Thief
    classScript: None -> D0AWBUFF
  ARNWAR07  Dedral
    overrideScript:  -> D0AWBUFF
  ARNWAR09  Shadow Thief
    deathvar: mage14c -> arnwar09
  BALTH     Balthazar
    amulet:  -> MINHP1
  BASILGSU  Greater Basilisk
    overrideScript: None -> basilgsu
  BASILLSU  Lesser Basilisk
    overrideScript: None -> basillsu
  BERNARD   Bernard
    deathvar: None -> BERNARD
  BMTHIEF   Black Market Thief
    deathvar: None -> BMTHIEF
  BMUGG1    Mugger
    shield: shld01 -> SHLD01
    weapon1: sw1h01 -> SW1H01
  BODTAN    Tanova
    overrideScript: vampir01 -> D0QPTAN1
    classScript: mage16c -> D0QPTAN2
    raceScript: None -> D0QPTAN3
  BOOTER    Booter
    anim: FIGHTER_MALE_DWARF -> FIGHTER_MALE_GNOME
  BOOTER02  Booter
    anim: FIGHTER_MALE_DWARF -> FIGHTER_MALE_GNOME
  C6KACH    Kachiko
    anim: THIEF_MALE_HUMAN -> THIEF_FEMALE_HUMAN
    gender: MALE -> FEMALE
    sex: MALE -> FEMALE
  C6KACH2   Kachiko
    anim: THIEF_MALE_HUMAN -> THIEF_FEMALE_HUMAN
    gender: MALE -> FEMALE
    sex: MALE -> FEMALE
  C6VAMP01  Fledgling Vampire
    generalScript: VAMPIR01 -> D0QPVAFL
    xpv: 8500 -> 8000
  C6VFLM01  Fledgling Vampire
    generalScript: VAMPIR01 -> D0QPVAFL
    xpv: 8500 -> 8000
  CARRIOSU  Mutated Crawler
    overrideScript: None -> CARRIOSU
  COHRVALE  Cohrvale
    helmet: helm01 -> HELM01
    shield: Shld13 -> SHLD13
    weapon1: ax1h01 -> AX1H01
  CUTAMFIG  Fighter
    overrideScript: None -> dw#amksd
  CUTAMMAG  Mage
    overrideScript: GRPSHT01 -> dw#amksd
    classScript: None -> GRPSHT01
  DCLERIC   Mad Cleric
    rring: ring12 -> RING12
    weapon1: staf01 -> STAF01
  DCOWL1    Rayic Gethras
    rring:  -> D0QPRAYI
    weapon1: staf18 -> STAF18
  DEDSMUG   Smuggler
    overrideScript: SMUGPLOT -> 
  DJINNISU  Djinni
    overrideScript: None -> DJINNISU
  DLOST     Lost Child
    classScript: None -> DLOST
  DOGHMA    Priest of Oghma
    deathvar: None -> DOGHMA
  DOGWASU   War Dog
    overrideScript: None -> dogwasu
  DOGWISU   Rabid Dog
    overrideScript: None -> dogwisu
  ELEARPR   Earth Elemental
    overrideScript: None -> ELEARPR
  ELEARPR2  Earth Elemental
    overrideScript: None -> ELEARPR2
  ELEARPR3  Earth Elemental
    overrideScript: None -> ELEARPR3
  ELFIRPR   Fire Elemental
    overrideScript: None -> ELFIRPR
  ELFIRPR2  Fire Elemental
    overrideScript: None -> ELFIRPR2
  ELFIRPR3  Fire Elemental
    overrideScript: None -> ELFIRPR3
  ETTERCSU  Ettercap
    overrideScript: None -> ettercsu
  FIRMON03  Director
    lring: beholder -> BEHOLDER
  FIRWRA01  Greater Wraith
    overrideScript: GENSHT01 -> D0QPSHAD
    raceScript: None -> GENSHT01
  FLYFGT02  Shadow Thief Guard
    classScript: None -> D0ARANBK
  FLYFGT03  Shadow Thief Archer
    classScript: None -> D0ARANBK
  FLYFGT04  Shadow Thief Inquisitor
    classScript: MAGE12D -> D0ARANBK
    raceScript: None -> MAGE12D
  FSMUMM    Mummy
    raceScript: None -> D0MUMMY
  FSMUMM2   Mummy
    raceScript: None -> D0MUMMY
  FSMUMM3   Mummy
    raceScript: None -> D0MUMMY
  GAAL01    Gaal
    weapon1: staf01 -> STAF01
  HDRAGSIL  Dragon
    class: SHADOW_DRAGON -> SILVER_DRAGON
    anim: DRAGON_BLACK -> DRAGON_SILVER
    gender: MALE -> FEMALE
    sex: MALE -> FEMALE
    overrideScript: DRAGHELL -> shoutdlg
    classScript: None -> draghell
  HELLSELF  Selfishness
    dialog: hellself -> HELLSELF
    gender: NIETHER -> MALE
    sex: MALE -> FEMALE
    lring: immune2 -> IMMUNE4
    weapon1: bl3-12M4 -> BL3-12M4
  HGMAG01   Fire Giant Mage
    defaultScript: None -> WTASIGHT
  HGMAG02   Fire Giant Mage
    defaultScript: None -> WTASIGHT
  HGWAR02   Elite Fire Giant
    defaultScript: CFIGH20B -> D0FGIANT
  HLLAYEN   Layene
    weapon1: staf11 -> STAF11
    xpv: 4000 -> 13000
  HLREVAN   Revanek
    generalScript: None -> USEITEM
    defaultScript: WTASIGHT -> WTARSGT
    helmet:  -> HELM01
    weapon1:  -> SW2H11
    xpv: 6000 -> 12000
  HLVAXAL   Vaxall
    generalScript: BEHOLD01 -> BEHELD01
  HOBGOBSU  Hobgoblin Elite
    overrideScript: None -> hobgobsu
  JAHEI3    Harper
    xpv: 0 -> 3000
  JELLMUSU  Mustard Jelly
    overrideScript: None -> jellmusu
  JUGJER01  Jermien
    helmet: helmnoan -> HELMNOAN
  KAYL2     Sir Ryan Trawl
    generalScript: None -> D0KAYL
  KOBSHA01  Kobold Shaman
    weapon1: blun04 -> BLUN04
  KPGLAI01  Glaicus
    weapon1: sw2h01 -> SW2H01
  KSHADOW   Shadow
    overrideScript: None -> D0QPSHAD
  LICH01    Lich
    level: 11 -> 20
  MAEVAR    Mae'Var
    overrideScript: gpshout -> 
    classScript: useitem -> 
    weapon2: BOW01 -> BOW02
  MEPFIR01  Fire Mephit
    amulet: Immcloud -> IMMCLOUD
  MEPICE01  Ice Mephit
    amulet: Immcloud -> IMMCLOUD
  MUMGRE01  Greater Mummy
    raceScript: None -> D0MUMMY
  MUMMY     Mummy
    classScript: None -> MUMMY01
    raceScript: None -> D0MUMMY
  MUMMY01   Mummy
    raceScript: None -> D0MUMMY
  MVGUARD1  Assassin
    overrideScript: gpshout -> 
    classScript: gparcher -> 
    generalScript: None -> D0MVGUAR
    weapon2: bow05 -> BOW05
  MVPRIES   Priest of Cyric
    overrideScript: gpshout -> 
    classScript: pries8b -> 
    raceScript: None -> PTDEATH
    generalScript: None -> D0MVCLER
    helmet:  -> HELM01
    weapon1: staf01 -> STAF01
  NEVM4     Vampyre
    deathvar: None -> nevm4
  OBSFIR03  Magma Mephit
    amulet: Immcloud -> IMMCLOUD
  OBSICE02  Ice Mephit
    amulet: Immcloud -> IMMCLOUD
    weapon1: mepice -> MEPICE
  OGREGRSU  Ogre Berserker
    overrideScript: None -> ogregrsu
  OGRELESU  Ogrillon
    overrideScript: None -> ogrelesu
  OGRESU    Ogre
    overrideScript: None -> ogresu
  PIRMUR02  Assassin
    overrideScript: None -> D0PIRMUR
  PIRSEA01  Pirate Captain
    weapon1: sw1h05 -> SW1H05
  PLSHKN01  Knight of the Order
    classScript: SEEENEMY -> 
  PLSHKN02  Knight of the Order
    classScript: SEEENEMY -> 
  PPSANIK   Sanik
    overrideScript:  -> D0SANIK
  REFIGH01  Slaver
    defaultScript: WTASIGHT -> WTARSGT
  RENAL     Renal Bloodscalp
    classScript: useitem -> D0RENAL
    raceScript: None -> USEITEM
    generalScript: None -> STDEATH
  RIFTCR03  Greater Mummy
    overrideScript:  -> MUMMY01
    raceScript: None -> D0MUMMY
  RNGSHA    Shadow
    overrideScript: GENSHT01 -> D0QPSHAD
    raceScript: None -> GENSHT01
  RNGSHA01  Shadow
    overrideScript: SHOUTDLG -> D0QPSHAD
    classScript: None -> SHOUTDLG
  RNGSHA03  Shadow
    overrideScript: SHOUTDLG -> D0QPSHAD
    classScript: None -> SHOUTDLG
  RNGSHA04  Shadow Jailor
    overrideScript: SHOUTDLG -> D0QPSHAD
    classScript: None -> SHOUTDLG
  RNGSHA2D  Shadow Patrick
    overrideScript: None -> D0QPSHAD
  RNGWLF03  Anath
    lring: ringwolf -> RINGWOLF
  RUMAR01   Umar
    weapon2: staf02 -> STAF02
  SAMIA     Samia
    shield: shld04 -> SHLD04
    weapon1: sw1h20 -> SW1H20
  SDSHADFI  Shadow Fiend
    overrideScript: GENSHT01 -> D0QPSHAD
    raceScript: None -> GENSHT01
  SDSHADOW  Shadow
    overrideScript: GENSHT01 -> D0QPSHAD
    raceScript: None -> GENSHT01
  SENORC01  Derro Berserker
    xpv: 12000 -> 1200
  SENORC02  Derro
    xpv: 12000 -> 1200
  SENORC03  Derro Berserker
    xpv: 12000 -> 1200
  SENORC04  Derro
    xpv: 12000 -> 1200
  SEWCC     Carrion Crawler
    overrideScript: None -> c#sewcc
  SEWSHA01  Shadow Fiend
    overrideScript: sewsha01 -> D0QPSHAD
    classScript: None -> SEWSHA01
  SEWSHA02  Shadow Fiend
    overrideScript:  -> D0QPSHAD
    classScript: None -> 
  SEWSHA03  Shadow
    overrideScript: sewsha03 -> D0QPSHAD
    classScript: None -> SEWSHA03
  SHADFI01  Shadow Fiend
    overrideScript: GENSHT01 -> D0QPSHAD
    raceScript: None -> GENSHT01
  SHADOW01  Shadow
    overrideScript: GENSHT01 -> D0QPSHAD
    raceScript: None -> GENSHT01
  SHADRA01  Thaxll'ssillyia
    weapon1: dragblaw -> DRAGBLAW
  SHAGHO01  Badon's Ghost
    rring: ring95 -> RING95
  SHAGHO02  Dettseh's Ghost
    rring: ring95 -> RING95
  SLANDOR   Andorian
    dialog:  -> slandor
    gender: NIETHER -> MALE
    overrideScript: SLANDOR -> 
    defaultScript: WTASIGHT -> slandor
  SLAYSH01  Slayer Shadow
    overrideScript: None -> D0QPSHAD
  STALKE    Invisible Stalker
    overrideScript: None -> STALKE
  STASS1    Shadow Thief Assassin
    overrideScript: None -> STDEATH
  STGUARD2  Shadow Thief
    xpv: 15 -> 600
  STGUARD3  Shadow Thief
    xpv: 15 -> 600
  TASLOISU  Tasloi Elite Trooper
    overrideScript: None -> tasloisu
  TASSA     Tassa
    overrideScript: SHOUT -> 
  TELWRAI   Demon Wraith
    overrideScript: GRPSHT01 -> D0QPSHAD
    classScript: None -> GRPSHT01
  THIEF1    Sidge
    xpv: 325 -> 600
  THUMB     The Thumb
    deathvar: None -> thumb
  TRRAK01   Adratha
    lring: rakring -> RAKRING
    amulet: amul22 -> AMUL22
    weapon1: sw1h04 -> SW1H04
  TRRAK02   Saadat
    lring: rakring -> RAKRING
    weapon1: sw1h04 -> SW1H04
  TRRAK03   Jalaal
    lring: rakring -> RAKRING
    weapon1: sw1h04 -> SW1H04
  UDMASTER  The Master Brain
    lring: immune1 -> IMMUNE1
  UHCREAT   Shadow
    overrideScript: GENSHT01 -> D0QPSHAD
    classScript: None -> SHDWKILL
    raceScript: None -> GPSHOUT
  UHOGRE01  Madulf
    classScript: GENSHT01 -> 
    generalScript: gpshout -> 
  UHOGRE02  Ogre
    overrideScript: uhogre -> UHOGRE
    classScript: GENSHT01 -> 
    generalScript: gpshout -> 
  UHOGRE03  Minotaur
    overrideScript: uhogre -> UHOGRE
    classScript: GENSHT01 -> 
    raceScript: gpshout -> 
    generalScript: None -> 
  UHOGRE04  Gnoll
    overrideScript: uhogre -> UHOGRE
    classScript: GENSHT01 -> 
    raceScript: None -> 
    generalScript: gpshout -> 
  UHOGRE05  Orc
    overrideScript: uhogre -> UHOGRE
    classScript: GENSHT01 -> 
    raceScript: None -> 
    generalScript: gpshout -> 
  UMBHUL02  Umber Hulk Elder
    generalScript: UMBHUL01 -> D0UMBER
  VAMANC01  Ancient Vampire
    deathvar: None -> vamanc01
    generalScript: VAMPIR01 -> vamemi01
    xpv: 14500 -> 12500
  VAMEMI01  Ancient Vampire
    deathvar: None -> vamemi01
    xpv: 10500 -> 12500
  VAMFLF01  Fledgling Vampire
    generalScript: VAMPIR01 -> D0QPVAFL
    xpv: 8500 -> 8000
  VAMFLM01  Fledgling Vampire
    generalScript: VAMPIR01 -> D0QPVAFL
    xpv: 8500 -> 8000
  VAMMAT01  Vampire
    deathvar: vammat01 -> VAMMAT01
  VAMPAT01  Ancient Vampire
    generalScript: ppvampir -> VAMPAT01
    xpv: 12000 -> 12500
  VAMPYF01  Vampyre
    deathvar: None -> vampyf01
  VAMPYM01  Vampyre
    deathvar: None -> vampym01
  VAMVER01  Elder Vampire
    deathvar: None -> vamver01
    xpv: 12500 -> 10500
  VICG1     Fanatic
    shield: shld13 -> SHLD13
    weapon1: blun02 -> BLUN02
    weapon2: slng01 -> SLNG01
  VICG3     Fanatic
    helmet: helm01 -> HELM01
  WILMAT    Priestess of Ilmater
    deathvar: None -> wilmat
  WISH01    Djinni
    deathvar: wish01 -> WISH01
  WOLFDISU  Dire Wolf
    overrideScript: None -> wolfdisu
  WOLFWISU  Winter Wolf
    overrideScript: None -> wolfwisu
  WOLFWWSU  Winter Wolf
    overrideScript: None -> wolfwwsu
  WORGSU    Worg
    overrideScript: None -> worgsu
  WRAITH01  Wraith
    overrideScript: GENSHT01 -> D0QPSHAD
    raceScript: None -> GENSHT01
  WRAITHSU  Wraith
    overrideScript: None -> D0QPSHAD
  WYVERNSU  Wyvern
    overrideScript: None -> WYVERNSU
  XGOLEM    Flesh Golem
    overrideScript: GENSHT01 -> D0XGOLEM
    defaultScript: WDASIGHT -> WTASIGHT
