
Checking presets
----------------
Checking SPWI219, spell found: {"file":"SPWI219","id":"WIZARD_VOCALIZE","duration":"short","name":"spell.Vocalize.name"}
Checking SPWI206, spell found: {"file":"SPWI206","id":"WIZARD_INVISIBILITY","name":"spell.Invisibility.name"}
Checking SPWI405, spell found: {"file":"SPWI405","id":"WIZARD_IMPROVED_INVISIBILITY","duration":"short","name":"spell.ImprovedInvisibility.name"}
Checking SPWI505, spell found: {"file":"SPWI505","id":"WIZARD_SHADOW_DOOR","name":"spell.ShadowDoor.name"}
Checking SPPR101, spell found: {"file":"SPPR101","id":"CLERIC_BLESS","duration":"mid","name":"spell.Bless.name"}
Checking SPPR108, spell found: {"file":"SPPR108","id":"CLERIC_REMOVE_FEAR","duration":"mid","name":"spell.ResistFear.name"}
Checking SPPR203, spell found: {"file":"SPPR203","id":"CLERIC_CHANT","duration":"short","name":"spell.Chant.name"}
Checking SPWI402, spell found: {"file":"SPWI402","id":"WIZARD_DIMENSION_DOOR","name":"spell.dimensionDoor.name"}
Checking SPPR202, spell found: {"file":"SPPR202","id":"CLERIC_BARKSKIN","duration":"mid","name":"spell.Barkskin.name"}
Checking SPWI114, spell found: {"file":"SPWI114","id":"WIZARD_SHIELD","duration":"mid","name":"spell.Shield.name"}
Checking d5p2114, spell found: undefined
Checking sppr332, spell found: undefined
Checking SPPR509, spell found: {"file":"SPPR509","id":"CLERIC_MAGIC_RESISTANCE","duration":"short","name":"spell.MagicResistance.name"}
Checking SPWI318, spell found: {"file":"SPWI318","id":"WIZARD_MINOR_SPELL_DEFLECTION","duration":"mid","name":"spell.MinorSpellDeflection.name"}
Checking SPWI418, spell found: {"file":"SPWI418","id":"WIZARD_FIRE_SHIELD_RED","duration":"short","name":"spell.FireShield.name"}
Checking SPWI212, spell found: {"file":"SPWI212","id":"WIZARD_MIRROR_IMAGE","duration":"mid","name":"spell.MirrorImages.name"}
Checking SPWI305, spell found: {"file":"SPWI305","id":"WIZARD_HASTE","duration":"mid","name":"spell.Haste.name"}
Checking SPWI311, spell found: {"file":"SPWI311","id":"WIZARD_PROTECTION_FROM_NORMAL_MISSILES","duration":"short","name":"spell.ProtectionFromMissiles.name"}
Checking SPWI406, spell found: {"file":"SPWI406","id":"WIZARD_MINOR_GLOBE_OF_INVULNERABILITY","duration":"mid","name":"spell.MinorGlobeOfInvulnerability.name"}
Checking SPWI408, spell found: {"file":"SPWI408","id":"WIZARD_STONE_SKIN","duration":"long","name":"spell.Stoneskin.name"}
Checking SPPR506, spell found: {"file":"SPPR506","id":"CLERIC_IRONSKIN","duration":"long","name":"spell.Ironskin.name"}
Checking SPWI611, spell found: {"file":"SPWI611","id":"WIZARD_PROTECTION_FROM_MAGIC_WEAPONS","duration":"short","name":"spell.ProtectionFromMagicalWeapons.name"}
Checking SPWI201, spell found: {"file":"SPWI201","id":"WIZARD_BLUR","duration":"mid","name":"spell.Blur.name"}
Checking SPPR603, spell found: {"file":"SPPR603","id":"CLERIC_BLADE_BARRIER","duration":"short","name":"spell.BladeBarrier.name"}
Checking SPPR513, spell found: {"file":"SPPR513","id":"CLERIC_RIGHTEOUS_MAGIC","duration":"short","name":"spell.RighteousMagic.name"}
Checking SPPR505, spell found: {"file":"SPPR505","id":"CLERIC_TRUE_SIGHT","name":"spell.TrueSeeing.name"}
Checking SPPR412, spell found: {"file":"SPPR412","id":"CLERIC_HOLY_POWER","duration":"short","name":"spell.HolyPower.name"}
Checking SPPR407, spell found: {"file":"SPPR407","id":"CLERIC_PROTECTION_FROM_LIGHTNING","name":"spell.ProtectionFromLightning.name"}
Checking SPPR214, spell found: {"file":"SPPR214","id":"CLERIC_DRAW_UPON_HOLY_MIGHT","duration":"short","name":"spell.DrawUponHolyMight.name"}
Checking SPPR109, spell found: {"file":"SPPR109","id":"CLERIC_SANCTUARY","name":"spell.Sanctuary.name"}
Checking SPCL321, spell found: {"file":"SPCL321","id":"BERSERKER_RAGE","name":"spell.BerserkerRage.name"}
Checking SPCL152, spell found: {"file":"SPCL152","id":"BARBARIAN_RAGE","name":"spell.BarbarianRage.name"}
Checking SPWI506, spell found: {"file":"SPWI506","id":"WIZARD_DOMINATION","name":"spell.Domination.name"}
Checking SPPR405, spell found: {"file":"SPPR405","id":"CLERIC_MENTAL_DOMINATION","name":"spell.MentalDomination.name"}
Checking SPWI316, spell found: {"file":"SPWI316","id":"WIZARD_DIRE_CHARM","name":"spell.DireCharm.name"}
Checking SPWI104, spell found: {"file":"SPWI104","id":"WIZARD_CHARM_PERSON","name":"spell.CharmPerson.name"}
Checking SPPR204, spell found: {"file":"SPPR204","id":"CLERIC_CHARM_PERSON","name":"spell.CharmPersonOrAnimal.name"}
Checking SPWI401, spell found: {"file":"SPWI401","id":"WIZARD_CONFUSION","name":"spell.Confusion.name"}
Checking SPPR709, spell found: {"file":"SPPR709","id":"CLERIC_CONFUSION","name":"spell.Chaos.name"}
Checking d5p1709, spell found: undefined
Checking SPPR103, spell found: {"file":"SPPR103","id":"CLERIC_CURE_LIGHT_WOUNDS","name":"spell.CureLightWounds.name"}
Checking SPWI112, spell found: {"file":"SPWI112","id":"WIZARD_MAGIC_MISSILE","name":"spell.MagicMissiles.name"}
Checking SPWI431, spell found: {"file":"SPWI431","id":"WIZARD_MORDENKAINENS_FORCE_MISSILES","name":"spell.MordenkainenForceMissiles.name"}
Checking SPWI118, spell found: {"file":"SPWI118","id":"WIZARD_CHROMATIC_ORB","name":"spell.ChromaticOrb.name"}
Checking SPPR302, spell found: {"file":"SPPR302","id":"CLERIC_CALL_LIGHTNING","name":"spell.CallLightning.name"}
Checking d5p1329, spell found: undefined
Checking SPPR121, spell found: undefined
Checking SPPR414, spell found: {"file":"SPPR414","id":"CLERIC_CAUSE_SERIOUS_WOUNDS","name":"spell.CauseSeriousWounds.name"}
Checking sppr322, spell found: undefined
Checking sppr414, spell found: undefined
Checking SPPR608, spell found: {"file":"SPPR608","id":"CLERIC_HARM","name":"spell.Harm.name"}
Checking SPPR511, spell found: {"file":"SPPR511","id":"CLERIC_SLAY_LIVING","name":"spell.SlayLiving.name"}
Checking b_pr201, spell found: undefined
Checking SPPR740, spell found: {"file":"SPPR740","id":"CLERIC_WITHER","name":"spell.Wither.name"}
Checking SPPR610, spell found: {"file":"SPPR610","id":"CLERIC_DOLOROUS_DECAY","name":"spell.DolorousDecay.name"}
Checking SPPR411, spell found: {"file":"SPPR411","id":"CLERIC_POISON","name":"spell.Poison.name"}
Checking SPWI211, spell found: {"file":"SPWI211","id":"WIZARD_MELF_ACID_ARROW","name":"spell.MelfAcidArrow.name"}
Checking SPWI303, spell found: {"file":"SPWI303","id":"WIZARD_FLAME_ARROW","name":"spell.FlameArrow.name"}
Checking SPPR503, spell found: {"file":"SPPR503","id":"CLERIC_FLAME_STRIKE","name":"spell.FlameStrike.name"}
Checking SPWI232, spell found: {"file":"SPWI232","id":"WIZARD_COMBUST","name":"spell.Combust.name"}
Checking SPWI503, spell found: {"file":"SPWI503","id":"WIZARD_CONE_OF_COLD","name":"spell.coneOfCold.name"}
Checking SPWI523, spell found: {"file":"SPWI523","id":"WIZARD_SUN_FIRE","name":"spell.Fireburst.name"}
Checking SPPR304, spell found: {"file":"SPPR304","id":"CLERIC_GLYPH_OF_WARDING","name":"spell.GlyphOfWarding.name"}
Checking SPWI103, spell found: {"file":"SPWI103","id":"WIZARD_BURNING_HANDS","name":"spell.BurningHands.name"}
Checking SPWI404, spell found: {"file":"SPWI404","id":"WIZARD_ICE_STORM","name":"spell.IceStorm.name"}
Checking SPPR530, spell found: {"file":"SPPR530","id":"CLERIC_MASS_CAUSE_LIGHT_WOUNDS","name":"spell.MassCauseLightWounds.name"}
Checking B_PR101, spell found: undefined
Checking SPPR424, spell found: {"file":"SPPR424","id":"CLERIC_CLOUD_OF_PESTILENCE","name":"spell.CloudOfPestilence.name"}
Checking d5p1424, spell found: undefined
Checking SPPR533, spell found: {"file":"SPPR533","id":"CLERIC_WAVES_OF_AGONY","name":"spell.WavesOfAgony.name"}
Checking SPWI308, spell found: {"file":"SPWI308","id":"WIZARD_LIGHTNING_BOLT","name":"spell.LightningBolt.name"}
Checking SPWI217, spell found: {"file":"SPWI217","id":"WIZARD_AGANNAZAR_SCORCHER","name":"spell.AgannazarScorcher.name"}
Checking SPWI426, spell found: {"file":"SPWI426","id":"WIZARD_VITRIOLIC_SPHERE","name":"spell.VitriolicSphere.name"}
Checking SPWI502, spell found: {"file":"SPWI502","id":"WIZARD_CLOUDKILL","name":"spell.Cloudkill.name"}
Checking SPWI615, spell found: {"file":"SPWI615","id":"WIZARD_CHAIN_LIGHTNING","name":"spell.ChainLightning.name"}
Checking SPPR314, spell found: {"file":"SPPR314","id":"CLERIC_UNHOLY_BLIGHT","name":"spell.UnholyBlight.name"}
Checking SPWI913, spell found: {"file":"SPWI913","id":"WIZARD_WAIL_OF_THE_BANSHEE","name":"spell.WailOfTheBanshee.name"}
Checking SPWI912, spell found: {"file":"SPWI912","id":"WIZARD_POWER_WORD_KILL","name":"spell.PowerWordKill.name"}
Checking SPPR708, spell found: {"file":"SPPR708","id":"CLERIC_FINGER_OF_DEATH","name":"spell.FingerOfDeath.name"}
Checking SPPR719, spell found: {"file":"SPPR719","id":"CLERIC_SYMBOL_DEATH","name":"spell.SymbolDeath.name"}
Checking SPPR113, spell found: {"file":"SPPR113","id":"CLERIC_DOOM","name":"spell.Doom.name"}
Checking SPPR113, spell found: {"file":"SPPR113","id":"CLERIC_DOOM","name":"spell.Doom.name"}
Checking SPWI412, spell found: {"file":"SPWI412","id":"WIZARD_GREATER_MALISON","name":"spell.GreaterMalison.name"}
Checking d5p2412, spell found: undefined
Checking d5p2508, spell found: undefined
Checking SPWI224, spell found: {"file":"SPWI224","id":"WIZARD_GLITTERDUST","name":"spell.Glitterdust.name"}
Checking SPWI228, spell found: {"file":"SPWI228","id":"WIZARD_DARKNESS_15_FOOT","name":"spell.Darkness15Radius.name"}
Checking SPWI106, spell found: {"file":"SPWI106","id":"WIZARD_OBSCURING_MIST","name":"spell.ObscuringMist.name"}
Checking SPPR211, spell found: {"file":"SPPR211","id":"CLERIC_SILENCE_15_FOOT","name":"spell.Silence.name"}
Checking SPPR310, spell found: {"file":"SPPR310","id":"CLERIC_MISCAST_MAGIC","name":"spell.MiscastMagic.name"}
Checking SPPR311, spell found: {"file":"SPPR311","id":"CLERIC_RIGID_THINKING","name":"spell.RigidThinking.name"}
Checking d5p1311, spell found: undefined
Checking SPPR319, spell found: {"file":"SPPR319","id":"CLERIC_SUMMON_INSECTS","name":"spell.SummonInsects.name"}
Checking SPPR105, spell found: {"file":"SPPR105","id":"CLERIC_ENTANGLE","name":"spell.Entangle.name"}
Checking SPWI312, spell found: {"file":"SPWI312","id":"WIZARD_SLOW","name":"spell.Slow.name"}
Checking SPWI815, spell found: {"file":"SPWI815","id":"WIZARD_POWER_WORD_BLIND","name":"spell.PowerWordBlind.name"}
Checking SPWI715, spell found: {"file":"SPWI715","id":"WIZARD_POWER_WORD_STUN","name":"spell.PowerWordStun.name"}
Checking b_c201, spell found: undefined
Checking d5p1310, spell found: undefined
Checking SPWI213, spell found: {"file":"SPWI213","id":"WIZARD_STINKING_CLOUD","name":"spell.StinkingCloud.name"}
Checking SPWI411, spell found: {"file":"SPWI411","id":"WIZARD_EMOTION_HOPELESSNESS","name":"spell.Emotion.name"}
Checking d5p2411, spell found: undefined
Checking SPWI421, spell found: {"file":"SPWI421","id":"WIZARD_TELEPORT_FIELD","name":"spell.TeleportField.name"}
Checking SPWI203, spell found: {"file":"SPWI203","id":"WIZARD_DETECT_INVISIBILITY","name":"spell.DetectInvisibility.name"}
Checking SPWI326, spell found: undefined
Checking SPPR303, spell found: {"file":"SPPR303","id":"CLERIC_DISPEL_MAGIC","name":"spell.DispelMagic.name"}
Checking SPWI302, spell found: {"file":"SPWI302","id":"WIZARD_REMOVE_MAGIC","name":"spell.DispelMagic.name"}
Checking SPWI513, spell found: {"file":"SPWI513","id":"WIZARD_BREACH","name":"spell.Breach.name"}
Checking SPWI321, spell found: {"file":"SPWI321","id":"WIZARD_SPELL_THRUST","name":"spell.SpellThrust.name"}
Checking SPPR205, spell found: {"file":"SPPR205","id":"CLERIC_FIND_TRAPS","name":"spell.FindTraps.name"}
Checking SPWI205, spell found: {"file":"SPWI205","id":"WIZARD_HORROR","name":"spell.Horror.name"}
Checking SPWI125, spell found: {"file":"SPWI125","id":"WIZARD_SPOOK","name":"spell.Spook.name"}
Checking SPPR416, spell found: {"file":"SPPR416","id":"CLERIC_CLOAK_OF_FEAR","name":"spell.CloakOfFear.name"}
Checking d5p1416, spell found: undefined
Checking SPPR208, spell found: {"file":"SPPR208","id":"CLERIC_HOLD_PERSON","name":"spell.HoldPerson.name"}
Checking SPWI306, spell found: undefined
Checking SPPR305, spell found: {"file":"SPPR305","id":"CLERIC_HOLD_ANIMAL","name":"spell.HoldPersonOrAnimal.name"}
Checking SPWI215, spell found: {"file":"SPWI215","id":"WIZARD_WEB","name":"spell.Web.name"}
Checking SPWI220, spell found: {"file":"SPWI220","id":"WIZARD_POWER_WORD_SLEEP","name":"spell.PowerWordSleep.name"}
Checking SPWI116, spell found: {"file":"SPWI116","id":"WIZARD_SLEEP","name":"spell.Sleep.name"}
Checking SPPR512, spell found: {"file":"SPPR512","id":"CLERIC_GREATER_COMMAND","name":"spell.GreaterCommand.name"}
Checking SPPR102, spell found: {"file":"SPPR102","id":"CLERIC_COMMAND","name":"spell.Command.name"}
Checking d5p2433, spell found: undefined
Checking SPPR410, spell found: {"file":"SPPR410","id":"CLERIC_CALL_WOODLAND_BEINGS","name":"spell.callWoodlandBeeings.name"}
Checking d5p2527, spell found: undefined
Checking SPPR402, spell found: {"file":"SPPR402","name":"spell.AnimalSummoning4.name"}
Checking SPPR301, spell found: {"file":"SPPR301","id":"CLERIC_ANIMATE_DEAD","name":"spell.AnimateDead.name"}
Checking d5p1301, spell found: undefined
Checking d5pp422, spell found: undefined
Checking d5p2632, spell found: undefined
Checking SPPR601, spell found: {"file":"SPPR601","id":"CLERIC_AERIAL_SERVANT","name":"spell.AerialServant.name"}

Checking spells
---------------

Generating creatures
--------------------

Creating Ankheg...
    warning: No attack defined, using defaults
    base files: ["BDNEO","ANKHEG","ANKHEGF","ANKHEGG","ANKHEGQ","BDANKH01","BDANKHEG","BDANKHSU","BPANKHE1","WIANKHE1"]
    → Level: 8, hit points: 80 (base)  = 80
    base files: ["BDANKH01"]
    → Level: 10, hit points: 100 (base)  = 100
    base files: ["BDANKHSU"]
    → ja#i0m1 enchant: 2
    → Melee range: 2
    Generating documentation for Ankheg

Creating Lesser Basilisk...
    warning: No attack defined, using defaults
    base files: ["BASILL","BASILLSU","BPBASL01"]
    → Level: 6, hit points: 60 (base) +6 (con) +1 (bonus) = 67
    base files: ["BASILLSU"]
    → ja#i0m2 enchant: 1
    → Melee range: 1

Creating Greater Basilisk...
    poison (1dmg/x seconds) (normal) => 5/10 ==> 3: 2/10 (total=5, diff duration=0)
    adding projectile ja#s1m3 for spell Foul Breath
    warning: No attack defined, using defaults
    base files: ["AC#BASGR","BASILG","BASILGSU","BASILMUT","BASILNAD","BD302BAS","BPBASG01"]
    → dual wielding detected
    → setting dual wield: 2 APR +1 offhand
    → Level: 10, hit points: 100 (base) +50 (con)  = 150
    base files: ["BASILGSU"]
    → ja#i0m3 enchant: 3
    → Melee range: 2
    → ja#i1m3 enchant: 3
    → Melee range: 2
    Generating documentation for Lesser Basilisk
    Generating documentation for Greater Basilisk
    adding projectile ja#s0f3 for spell Improved stream of frost

Creating Black Bear...
    warning: No attack defined, using defaults
    base files: ["BDBEARBL","BEARBL","BEARBLSU","PLYBEAR2","RSBEARBL","UBDBEAR"]
    → dual wielding detected
    → setting dual wield: 2 APR +1 offhand
    → Level: 3, hit points: 24 (base) +3 (con) +3 (bonus) = 30
    → calculating THAC0 as a level 4 creature
    base files: ["BEARBLSU"]
    base files: ["PLYBEAR2"]
    → Melee range: 1
    → Melee range: 1

Creating Brown Bear...
    warning: No attack defined, using defaults
    base files: ["BDBEARBN","BDBEARBR","BDGRIZHU","BEARBR","BEARBRSU","PLYBEAR1"]
    → dual wielding detected
    → setting dual wield: 2 APR +1 offhand
    → Level: 5, hit points: 40 (base) +10 (con) +5 (bonus)+8 (special) = 63
    → calculating THAC0 as a level 6 creature
    base files: ["BEARBRSU"]
    base files: ["PLYBEAR1"]
    base files: ["BDGRIZHU"]
    warning: Brown Bear: ability references spell 'SPCL321' (Berserker Rage) which isn't memorized anywhere.
    → ja#i0m5 enchant: 1
    → Melee range: 2
    → ja#i1m5 enchant: 1
    → Melee range: 2

Creating Cave Bear...
    warning: No attack defined, using defaults
    base files: ["BD328OSO","BDBEARCA","BEARCA","BEARCASU","CAVENE","URSA"]
    → dual wielding detected
    → setting dual wield: 2 APR +1 offhand
    → Level: 6, hit points: 48 (base) +12 (con) +6 (bonus)+8 (special) = 74
    → calculating THAC0 as a level 7 creature
    base files: ["BEARCASU"]
    base files: ["BD328OSO"]
    → Level: 8, hit points: 64 (base) +16 (con) +6 (bonus) = 86
    warning: Cave Bear: ability references spell 'SPCL321' (Berserker Rage) which isn't memorized anywhere.
    → ja#i0m6 enchant: 2
    → Melee range: 2
    → ja#i1m6 enchant: 2
    → Melee range: 2

Creating Polar Bear...
    warning: No attack defined, using defaults
    base files: ["BEARPO","BEARPO1","BEARPO2","BEARPO3","BEARPOSU","NTBEARPO","SPIRBEAR","BDGHBRSU","BDGHOSTF","KALDRAN"]
    → dual wielding detected
    → setting dual wield: 2 APR +1 offhand
    → Level: 8, hit points: 64 (base) +16 (con) +8 (bonus)+12 (special) = 100
    → calculating THAC0 as a level 9 creature
    base files: ["BEARPOSU","BDGHBRSU","BDGHOSTF"]
    base files: ["BDGHOSTF"]
    base files: ["BDGHBRSU"]
    → Level: 9, hit points: 72 (base) +18 (con) +8 (bonus) = 98
    base files: ["KALDRAN"]
    → Level: 12, hit points: 96 (base) +24 (con) +8 (bonus) = 128
    → undead needs a helmet to cover immunity from critical hits. Adding a helmet to cover it.
    → incorporeal needs a helmet to cover immunity from critical hits. Adding a helmet to cover it.
    → skipping criticalHit (ja#i3) because slot HELMET is already assigned
    → ja#i0m7 enchant: 3
    → Melee range: 2
    → ja#i1m7 enchant: 3
    → Melee range: 2
    Generating documentation for Black Bear
    Generating documentation for Brown Bear
    Generating documentation for Cave Bear
    Generating documentation for Polar Bear

Creating Carrion Crawler...
    warning: No behavior defined, using defaults
    base files: ["BDCCRAW1","BPCRCW01","CARRIO","CRYPTCRA","BDCRAWMU","BDMCARRI","CARRIOSU"]
    → Level: 3, hit points: 24 (base) +6 (con) +1 (bonus) = 31
    base files: ["CARRIOSU"]
    base files: ["CRYPTCRA"]
    → Level: 6, hit points: 48 (base) +12 (con) +1 (bonus) = 61
    → Melee range: 2
    Generating documentation for Carrion Crawler

Creating Jaguar...
    warning: No attack defined, using defaults
    base files: ["BDHELP04","CATJAG01"]
    → dual wielding detected
    → setting dual wield: 2 APR +1 offhand
    → AC reduced to 7 (was 6) because of dexterity bonus (-1)
    → Level: 4, hit points: 32 (base) +1 (bonus) = 33
    base files: ["BDHELP04"]
    → ja#i0m22 enchant: 1
    → Melee range: 2
    → ja#i1m22 enchant: 1
    → Melee range: 2

Creating Leopard...
    warning: No attack defined, using defaults
    warning: No behavior defined, using defaults
    base files: ["CATJAGSU"]
    → dual wielding detected
    → setting dual wield: 2 APR +1 offhand
    → AC reduced to 10 (was 6) because of dexterity bonus (-4)
    → Level: 3, hit points: 24 (base) +3 (con) +2 (bonus) = 29
    base files: ["CATJAGSU"]
    → Melee range: 1
    → Melee range: 1

Creating Lion...
    warning: No attack defined, using defaults
    warning: No behavior defined, using defaults
    base files: ["BDHELP02","CATLIOSU","CATLIOWP"]
    → dual wielding detected
    → setting dual wield: 2 APR +1 offhand
    → AC reduced to 6 (was 5) because of dexterity bonus (-1)
    → Level: 5, hit points: 40 (base) +2 (bonus) = 42
    base files: ["CATLIOSU"]
    → ja#i0ma enchant: 1
    → Melee range: 1
    → ja#i1ma enchant: 1
    → Melee range: 1

Creating Mountain Lion...
    warning: No attack defined, using defaults
    base files: ["CATLIM01"]
    → dual wielding detected
    → setting dual wield: 2 APR +1 offhand
    → AC reduced to 7 (was 6) because of dexterity bonus (-1)
    → Level: 3, hit points: 24 (base) +1 (bonus) = 25
    → Melee range: 1
    → Melee range: 1

Creating Hellcat...
    warning: No attack defined, using defaults
    warning: No behavior defined, using defaults
    base files: ["BDHELCAT"]
    → dual wielding detected
    → setting dual wield: 2 APR +1 offhand
    → AC reduced to 10 (was 5) because of dexterity bonus (-5)
    → Level: 7, hit points: 56 (base) +35 (con) +2 (bonus) = 93
    → ja#i1m25 enchant: 2
    → Melee range: 2
    → ja#i2m25 enchant: 2
    → Melee range: 2

Creating Displacer Beast...
    autogenerate: {"thac0":true,"hitPoints":true,"enchantment":true,"meleeRange":true,"savingThrows":{"level":12,"classe":"FIGHTER","bonus":{"saveDeath":2,"saveBreath":2,"savePolymorph":2,"saveSpell":2,"saveWand":2}}}
    warning: No attack defined, using defaults
    warning: No behavior defined, using defaults
    base files: ["BDDISPBE","BDDISPBP"]
    → AC reduced to 7 (was 6) because of dexterity bonus (-1)
    → Level: 6, hit points: 48 (base) +12 (con)  = 60
    base files: ["BDDISPBP"]
    → Level: 9, hit points: 72 (base) +45 (con)  = 117
    → ja#i1m26 enchant: 1
    Generating documentation for Jaguar
    Generating documentation for Leopard
    Generating documentation for Lion
    Generating documentation for Mountain Lion
    Generating documentation for Hellcat
    Generating documentation for Displacer Beast

Creating Helmed Horror...
    warning: No attack defined, using defaults
    base files: ["HELMHO","GLOWTEST"]
    → Level: 4, hit points: 40 (base) +20 (size) = 60
    → calculating THAC0 as a level 5 creature

Creating Battle Horror from Helmed Horror...
    base files: ["BATTHO","dw#davho"]
    → Level: 8, hit points: 80 (base) +20 (size) = 100
    → calculating THAC0 as a level 9 creature

Creating Doom Sayer from Battle Horror...
    base files: ["DOOMSA"]
    → Level: 8, hit points: 80 (base) +20 (size) = 100
    → calculating THAC0 as a level 9 creature

Creating Doom Guard...
    warning: No attack defined, using defaults
    base files: ["DOOMGU","DOOMDUR"]
    → Level: 5, hit points: 50 (base) +20 (size) = 70
    base files: ["DOOMDUR"]
    → Level: 8, hit points: 80 (base) +20 (size) = 100
    Generating documentation for Helmed Horror
    Generating documentation for Battle Horror
    Generating documentation for Doom Sayer
    Generating documentation for Doom Guard

Creating Wild Dog...
    warning: No attack defined, using defaults
    base files: ["BDBDOG","BDDEADOG","DOGWI","DOGWISU","BDCRUDOG","BDDOG","DW#RNDWI","BDDOGW01"]
    → AC reduced to 10 (was 7) because of dexterity bonus (-3)
    → Level: 1, hit points: 8 (base) +1 (con) +1 (bonus) = 10
    base files: ["DOGWISU"]
    base files: ["BDDOG"]
    base files: ["BDDEADOG"]
    → Melee range: 1

Creating War Dog...
    warning: No attack defined, using defaults
    warning: No behavior defined, using defaults
    base files: ["BDPRISD1","BDPRISD2","DOGWA","DOGWASU","DW#RNDWA","UBNIMDOG","NTPOOCH"]
    → AC reduced to 9 (was 6) because of dexterity bonus (-3)
    → Level: 2, hit points: 16 (base) +2 (con) +2 (bonus) = 20
    base files: ["DOGWASU"]
    base files: ["UBNIMDOG"]
    → Melee range: 1

Creating Blink Dog...
    warning: No attack defined, using defaults
    base files: ["DOGBLINK"]
    → AC reduced to 8 (was 5) because of dexterity bonus (-3)
    → Level: 4, hit points: 40 (base) +4 (con)  = 44
    → Melee range: 1

Creating Spectral Hound...
    warning: No attack defined, using defaults
    warning: No behavior defined, using defaults
    base files: ["BDSHA01C","DOGWAWP"]
    → AC reduced to 0 (was -1) because of dexterity bonus (-1)
    → Level: 5, hit points: 40 (base)  = 40
    base files: ["BDSHA01C"]
    → ja#i0m27 enchant: 1
    → Melee range: 1
    Generating documentation for Wild Dog
    Generating documentation for War Dog
    Generating documentation for Blink Dog
    Generating documentation for Spectral Hound

Creating Ettercap...
    warning: No behavior defined, using defaults
    base files: ["ETTERC","ETTERC1","ETTERCSU"]
    → dual wielding detected
    → setting dual wield: 2 APR +1 offhand
    → AC reduced to 7 (was 6) because of dexterity bonus (-1)
    → Level: 5, hit points: 40 (base)  = 40
    base files: ["ETTERCSU"]
    → ja#i0m45 enchant: 1
    → Melee range: 1
    → ja#i1m45 enchant: 1
    → Melee range: 1
    Generating documentation for Ettercap

Creating Banshee...
    warning: No attack defined, using defaults
    base files: ["BDETTIN"]
    → dual wielding detected
    → setting dual wield: 1 APR +1 offhand
    → Level: 10, hit points: 80 (base) +30 (con)  = 110
    base files: ["BDETTIN"]
    → ja#i0m5e enchant: 3
    → Melee range: 2
    → ja#i1m5e enchant: 3
    → Melee range: 2
    Generating documentation for Banshee
    adding effect file ja#s2f8 for spell monster.fey.ability.dryadDireCharm
    adding projectile ja#s4f8 for spell Entangle
    adding effect file ja#s4f8 for spell monster.fey.ability.entangle.name
    adding effect file ja#s5f8 for spell monster.fey.ability.animalFriendship.name
    adding effect file ja#s9f8 for spell monster.fey.ability.charmSong.name

Creating Dryad...
    base files: ["DRYAD","ja#dryad","DRY01","DRYAD01","DRYAD02","DRYAD03","IDRYAD01","IDRYAD02","IDRYAD03","dr01mod","drmod","RE_DRYAD","H_KATREC","L#APEST","NTARCHAN","NTASSAIA","NTESSILA","NTLUCRET","NTMILEA","NTPAULIA","NTTAMAEL"]
    → Level: 2, hit points: 12 (base)  = 12
    base files: ["ja#dryad"]
    base files: ["DRYAD","L#APEST"]

Creating Hamadryad...
    base files: ["DRYADHA","ja#hama","VAELASA","WQXHAMA","WIDRYAD1","WIDRYAD2","BDHAMADC","BDHAMADR"]
    → AC reduced to 10 (was 6) because of dexterity bonus (-4)
    → Level: 4, hit points: 24 (base)  = 24
    base files: ["ja#hama"]
    base files: ["WIDRYAD1","WIDRYAD2"]
    → Level: 8, hit points: 48 (base)  = 48
    base files: ["BDHAMADC"]

Creating Nymph...
    base files: ["BDNYMP01","HGNYMPH","BDNYMP02","NYMPHSU","NYMPHSUM","DW#NYMSU","ABELA","WQXNYM"]
    → AC reduced to 10 (was 7) because of dexterity bonus (-3)
    → Level: 3, hit points: 18 (base)  = 18
    → Level: 3, class: DRUID, saving throws table: priest, {"levels":[1,3],"saveDeath":10,"saveWand":14,"savePolymorph":13,"saveBreath":16,"saveSpell":15}
    base files: ["NYMPHSU","NYMPHSUM","DW#NYMSU"]
    base files: ["BDNYMP02"]

Creating Sirine...
    autogenerate: {"thac0":true,"hitPoints":true,"enchantment":true,"meleeRange":true,"savingThrows":{"level":11,"classe":"MAGE","bonus":{"saveDeath":2}}}
    base files: ["ISLSIR","J#SIRIN1","J#SIRIN2","MEIALA","NTSILUA","NTSIRIN2","NTSIRIN4","NTSIRINE","SIL","SIRINE","SIRINE02","SIRINE_A","SIRINE_B","LARRIA","L#NDC1","QSEROMOD"]
    → AC reduced to 7 (was 3) because of dexterity bonus (-4)
    → Level: 5, hit points: 30 (base)  = 30
    → Level: 11, class: MAGE, saving throws table: wizard, {"levels":[11,15],"saveDeath":11,"saveWand":7,"savePolymorph":9,"saveBreath":11,"saveSpell":8}
    base files: ["SIL"]
    → Level: 7, hit points: 42 (base)  = 42
    → Level: 11, class: MAGE, saving throws table: wizard, {"levels":[11,15],"saveDeath":11,"saveWand":7,"savePolymorph":9,"saveBreath":11,"saveSpell":8}
    base files: ["ISLSIR"]
    → Level: 11, hit points: 66 (base)  = 66
    → Level: 11, class: MAGE, saving throws table: wizard, {"levels":[11,15],"saveDeath":11,"saveWand":7,"savePolymorph":9,"saveBreath":11,"saveSpell":8}
    base files: ["MEIALA"]
    → Level: 11, hit points: 66 (base)  = 66
    → Level: 11, class: MAGE, saving throws table: wizard, {"levels":[11,15],"saveDeath":11,"saveWand":7,"savePolymorph":9,"saveBreath":11,"saveSpell":8}
    warning: Sirine: ability references spell 'ja#scf8' (Touch of Tranquility) which isn't memorized anywhere.
    warning: Sirine: ability references spell 'SPWI495' which isn't memorized anywhere.
    warning: Sirine: ability references spell 'SPWI496' (Shapeshift: Mustard Jelly) which isn't memorized anywhere.
    warning: Sirine: ability references spell 'DW-PSOM' which isn't memorized anywhere.
    warning: Sirine: ability references spell 'DW-PSHG' which isn't memorized anywhere.
    warning: Sirine: ability references spell 'DW-PSHH' which isn't memorized anywhere.
    warning: Sirine: ability references spell 'SPWI493' which isn't memorized anywhere.
    warning: Sirine: ability references spell 'SPWI494' which isn't memorized anywhere.
    warning: Sirine: ability references spell 'SPWI497' which isn't memorized anywhere.
    warning: Sirine: ability references spell 'SPWI490' which isn't memorized anywhere.
    → ja#i1m2b enchant: 1
    → Melee range: 1
    Generating documentation for Dryad
    Generating documentation for Hamadryad
    Generating documentation for Nymph
    Generating documentation for Sirine

Creating Flesh Golem...
    warning: No attack defined, using defaults
    base files: ["BPGOFL01","FGOLEM","GOLEMF","GOLEMF2","TOMEGOL1"]
    → Level: 9, hit points: 90 (base) +36 (con) +30 (size) = 156
    base files: ["TOMEGOL1"]
    → construct needs a helmet to cover immunity from critical hits. Adding a helmet to cover it.
    → ja#i1m17 enchant: 3
    → Melee range: 2

Creating Clay Golem...
    warning: No attack defined, using defaults
    base files: ["AC#FPCLG","AC#FPCLY","BPCLAY","TOMEGOL2","WICLAYGO"]
    → Level: 11, hit points: 110 (base) +44 (con) +30 (size) = 184
    base files: ["TOMEGOL2"]
    → construct needs a helmet to cover immunity from critical hits. Adding a helmet to cover it.
    → ja#i1m18 enchant: 4
    → Melee range: 2

Creating Stone Golem...
    warning: No attack defined, using defaults
    base files: ["BDGOLSTO","BDMENGO","NTGOLSTO","TOMEGOL3","WISTOGOL"]
    → Level: 14, hit points: 140 (base) +70 (con) +30 (size) = 240
    base files: ["TOMEGOL3"]
    → construct needs a helmet to cover immunity from critical hits. Adding a helmet to cover it.
    → ja#i1m19 enchant: 4
    → Melee range: 2

Creating Iron Golem...
    adding projectile ja#s0m1a for spell Cloud Of Poisonous Gas
    adding effect file ja#s0m1a for spell monster.golem.ability.cloudOfPoisonousGas.name
    warning: No attack defined, using defaults
    base files: ["SHIRON"]
    → Level: 18, hit points: 180 (base) +90 (con) +30 (size) = 300
    → construct needs a helmet to cover immunity from critical hits. Adding a helmet to cover it.
    → ja#i1m1a enchant: 4
    → Melee range: 2

Creating Bone Golem...
    warning: No attack defined, using defaults
    base files: ["NTGOLBON"]
    → Level: 14, hit points: 140 (base) +28 (con) +20 (size) = 188
    → construct needs a helmet to cover immunity from critical hits. Adding a helmet to cover it.
    → ja#i1m1b enchant: 4
    → Melee range: 1

Creating Juggernaut Golem...
    warning: No attack defined, using defaults
    base files: ["TOMEGOL4"]
    → Level: 18, hit points: 180 (base) +90 (con) +30 (size) = 300
    base files: ["TOMEGOL4"]
    → construct needs a helmet to cover immunity from critical hits. Adding a helmet to cover it.
    → ja#i1m21 enchant: 4
    → Melee range: 2

Creating Snow Golem...
    warning: No attack defined, using defaults
    base files: ["UBSNOGOL"]
    → Level: 12, hit points: 120 (base) +30 (size) = 150
    → construct needs a helmet to cover immunity from critical hits. Adding a helmet to cover it.
    → ja#i1m43 enchant: 4
    → Melee range: 2
    Generating documentation for Flesh Golem
    Generating documentation for Clay Golem
    Generating documentation for Stone Golem
    Generating documentation for Iron Golem
    Generating documentation for Bone Golem
    Generating documentation for Juggernaut Golem
    Generating documentation for Snow Golem

Creating Minotaur...
    warning: No attack defined, using defaults
    base files: ["L#MCMIN"]
    → Level: 6, hit points: 48 (base) +12 (con) +3 (bonus) = 63
    → calculating THAC0 as a level 7 creature
    → ja#i1m44 enchant: 2
    → Melee range: 2
    → ja#i2m44 enchant: 2
    → Melee range: 2
    Generating documentation for Minotaur

Creating Ogre...
    replacing item in slot WEAPON1
    base files: ["AC#FP2O1","AC#FP2O2","BDOGRE01","BDOGRE1D","BDOGREF","BDOGREM","BPOGRE01","BSOGRED","OGRE","OGRE02","OGRE03","OGRE04","OGRE05","OGRECO","OGRED","OGRES","OGRESU","OGREUNSH","OGRE_A","OGRE_B","OGRE_C","OGRE_D","OGRE_E","PLYOGRE","WIOGRE01","X3HOGRE","X3HOGRE2","X3HOGRED","BDSOGR1","BDSOGR2","AC#FP2OT","AC#FPOG4","AC#WRIM1","ACQ13002","GORF","HACK","LARZE","NTOGREDA","NTWELT","WELT","OOPAH","OOPAH2","SEWERF4"]
    → Level: 4, hit points: 32 (base) +8 (con) +1 (bonus) = 41
    base files: ["OGRESU"]
    base files: ["X3HOGRE","X3HOGRE2","X3HOGRED"]
    base files: ["OOPAH","WELT"]
    base files: ["OOPAH","OOPAH2"]
    → Level: 5, hit points: 40 (base) +10 (con) +1 (bonus) = 51
    base files: ["SEWERF4","BDOGREM","NTOGREDA"]
    → Level: 7, hit points: 56 (base) +14 (con) +1 (bonus) = 71
    base files: ["AC#WRIM1","AC#FP2O2","BDSOGR1","BDSOGR2","ACQ13002","GORF","HACK","LARZE"]
    → Level: 7, hit points: 56 (base) +14 (con) +4 (bonus) = 74
    → calculating THAC0 as a level 8 creature
    base files: ["NTOGREDA"]
    base files: ["AC#FP2OT","BDSOGR1","BDSOGR2"]
    base files: ["BDSOGR1","BDSOGR2"]
    base files: ["GORF","AC#WRIM1","HACK","LARZE"]
    → Level: 9, hit points: 72 (base) +1 (bonus) = 73
    base files: ["AC#WRIM1"]
    → Level: 10, hit points: 80 (base) +20 (con) +1 (bonus) = 101
    base files: ["HACK"]
    → Level: 11, hit points: 88 (base) +22 (con) +1 (bonus) = 111
    base files: ["LARZE"]
    → Level: 13, hit points: 104 (base) +26 (con) +1 (bonus) = 131
    → ja#i0m1e enchant: 1
    → Melee range: 2
    → ja#i1m1e enchant: 1
    → Melee range: 2

Creating Ogrillon...
    base files: ["BDKORDEO","GNARL","HAIRTO","OGREGR","OGREGR1","OGREGR2","OGREGR3","OGREGR4","OGREGR_A","OGREGR_B","OGREGR_C","OGREGR_D","OGRELESU","OGREMIRI","SEWERF1"]
    → Level: 2, hit points: 16 (base) +4 (bonus) = 20
    → calculating THAC0 as a level 3 creature
    base files: ["OGRELESU"]
    → Level: 3, hit points: 24 (base) +4 (bonus) = 28
    base files: ["GNARL","HAIRTO"]
    → Level: 5, hit points: 40 (base) +5 (con) +3 (bonus) = 48
    → calculating THAC0 as a level 6 creature
    → Melee range: 1

Creating Half Ogre...
    base files: ["OGREBJOR","OGREHA","OGREHA1","OGREHA2","OGREHA3","OGREHA4","OGREHA5","OGREHA_A","OGREHA_B","OGREHA_C","OGREHA_D","OGREHA_E","BDOGRE04","ARGHAI","L#CHIEN","TAZOK","TAZOK2","X#CHOP","X#CRU11"]
    → Level: 2, hit points: 16 (base) +6 (bonus) = 22
    → calculating THAC0 as a level 3 creature
    base files: ["BDOGRE04","ARGHAI","X#CHOP","X#CRU11"]
    → Level: 5, hit points: 40 (base) +3 (bonus) = 43
    → calculating THAC0 as a level 6 creature
    base files: ["ARGHAI"]
    base files: ["BDOGRE04"]
    base files: ["X#CHOP","X#CRU11"]
    base files: ["TAZOK","TAZOK2","L#CHIEN"]
    → Level: 9, hit points: 72 (base) +6 (bonus) = 78
    base files: ["TAZOK","TAZOK2"]
    base files: ["TAZOK2"]
    → Level: 11, hit points: 88 (base) +6 (bonus) = 94
    base files: ["L#CHIEN"]

Creating Ogre Mage...
    adding projectile ja#s0m20 for spell Cone of Cold
    base files: ["BDOGRE03","BDWAVE16","BPOGMA01","OGREMA","OGREMA02","OGREMA03","OGREMASU","OGREMA_A","OGREMA_B","OGREMA_C","OGREMA_D","OGREMBA","OGRMBA","UBOGMA01","UBOGMA02","NTFOREOG","BDMURS","BDMURS2","DROTH","KAHRK","KROTAN","NTKROTAN","WIGENTLE","WIOGMA01"]
    → Level: 5, hit points: 40 (base) +15 (con) +2 (bonus) = 57
    base files: ["OGREMASU"]
    base files: ["BDWAVE16","WIOGMA01","WIGENTLE","DROTH"]
    → Level: 7, hit points: 56 (base) +2 (bonus) = 58
    base files: ["BDMURS","BDMURS2"]
    → Level: 9, hit points: 72 (base) +2 (bonus) = 74
    base files: ["KROTAN","NTKROTAN","KAHRK"]
    → Level: 12, hit points: 96 (base) +2 (bonus) = 98
    base files: ["KAHRK"]
    base files: ["KROTAN","NTKROTAN"]
    → Level: 15, hit points: 120 (base) +2 (bonus) = 122
    → ja#i0m20 enchant: 1
    warning: default speed of 3 from weapon ja#i1m20.
    → ja#i1m20 enchant: 1
    → Melee range: 2

Creating Ogre Berserker...
    base files: ["BDOGRE02","BDOGREDS","NEOGRE","OGREBERZ","OGREGRSU","X3HOGREC","X3HOGREL","BDOGRE06","BDARBING","BDBERTOR","BDCHESKI","BDEINER","BDSLUG","BDSLUG2","BDWAVE13","BDYAROK"]
    → Level: 4, hit points: 32 (base) +1 (bonus) = 33
    base files: ["OGREGRSU"]
    base files: ["BDOGREDS","X3HOGREC","X3HOGREL","BDOGRE06","BDARBING","BDCHESKI","BDSLUG","BDSLUG2","BDBERTOR","BDEINER","BDWAVE13","BDYAROK"]
    → Level: 7, hit points: 56 (base) +1 (bonus) = 57
    base files: ["BDSLUG","BDSLUG2"]
    → Level: 9, hit points: 72 (base) +1 (bonus) = 73
    base files: ["BDBERTOR","BDEINER","BDYAROK"]
    → Level: 11, hit points: 88 (base) +1 (bonus) = 89
    base files: ["BDYAROK"]
    base files: ["BDOGRE06"]
    base files: ["X3HOGREL"]
    → Level: 8, hit points: 64 (base) +1 (bonus) = 65
    → ja#i0m1f enchant: 1
    → Melee range: 2

Creating Ogre Shaman...
    base files: ["BDOGRE05"]
    → Level: 5, hit points: 40 (base) +3 (bonus) = 43
    → calculating THAC0 as a level 6 creature
    Generating documentation for Ogre
    Generating documentation for Ogrillon
    Generating documentation for Half Ogre
    Generating documentation for Ogre Mage
    Generating documentation for Ogre Berserker
    Generating documentation for Ogre Shaman

Creating Treant...
    warning: No attack defined, using defaults
    warning: No behavior defined, using defaults
    base files: ["ja#trea4","ja#trea3","ja#trea2","ja#trea1"]
    → Level: 11, hit points: 88 (base) +66 (con)  = 154
    base files: ["ja#trea3"]
    → Level: 9, hit points: 72 (base) +45 (con)  = 117
    base files: ["ja#trea2"]
    → Level: 7, hit points: 56 (base) +35 (con)  = 91
    base files: ["ja#trea1"]
    → Level: 5, hit points: 40 (base) +25 (con)  = 65
    → plant needs a helmet to cover immunity from critical hits. Adding a helmet to cover it.
    → ja#i0m2d enchant: 4
    → ja#i1m2d enchant: 4
    → ja#i2m2d enchant: 4
    → ja#i3m2d enchant: 4
    Generating documentation for Treant
    adding projectile ja#s0fc for spell Toxic Vapors
    adding effect file ja#s0fc for spell monster.slime.ability.toxicVapors.name

Creating Black Pudding...
    warning: No attack defined, using defaults
    base files: ["BDPUDDBL","ja#blpud"]
    → AC reduced to 5 (was 6) because of dexterity bonus (1)
    → Level: 10, hit points: 100 (base) +20 (con)  = 120
    base files: ["ja#blpud"]
    warning: Black Pudding: ability references spell 'ja#s0m2f' (Slime Split) which isn't memorized anywhere.
    → ooze needs a helmet to cover immunity from critical hits. Adding a helmet to cover it.
    → ja#i1m2f enchant: 3

Creating White Pudding...
    warning: No attack defined, using defaults
    base files: ["AC#FPWP2","AC#FPWPU","ja#whpud"]
    → AC reduced to 7 (was 8) because of dexterity bonus (1)
    → Level: 9, hit points: 90 (base) +18 (con)  = 108
    base files: ["ja#whpud"]
    warning: White Pudding: ability references spell 'ja#s0m36' (Slime Split) which isn't memorized anywhere.
    → ooze needs a helmet to cover immunity from critical hits. Adding a helmet to cover it.
    → ja#i1m36 enchant: 3

Creating Mustard Jelly...
    warning: No attack defined, using defaults
    base files: ["BDJELLMU","BPJLMU01","JELLMU","JELLMUL","JELLMUSU","JELLYMU","PLYJELL1","ja#jelmu"]
    → Level: 7, hit points: 70 (base) +42 (con) +14 (bonus) = 126
    → calculating THAC0 as a level 8 creature
    base files: ["JELLMUSU"]
    base files: ["PLYJELL1"]
    base files: ["ja#jelmu"]
    warning: Mustard Jelly: ability references spell 'ja#s0m2e' (Slime Split) which isn't memorized anywhere.
    → ooze needs a helmet to cover immunity from critical hits. Adding a helmet to cover it.
    → ja#i1m2e enchant: 2

Creating Fission Slime...
    warning: No attack defined, using defaults
    base files: ["JELLSPA","BPSLFS01","BPSLFS02"]
    → Level: 12, hit points: 120 (base) +72 (con) +14 (bonus) = 206
    → calculating THAC0 as a level 13 creature
    → ooze needs a helmet to cover immunity from critical hits. Adding a helmet to cover it.
    → ja#i1m30 enchant: 4

Creating Gray Ooze...
    warning: No attack defined, using defaults
    base files: ["BPJLGR01","JELLGR"]
    → Level: 3, hit points: 30 (base) +6 (con) +3 (bonus) = 39
    → ooze needs a helmet to cover immunity from critical hits. Adding a helmet to cover it.

Creating Green Slime...
    warning: No attack defined, using defaults
    base files: ["JELLGRSU","JELLYGR","JELLYGR2","X#JELLY","X#SLIME"]
    → Level: 2, hit points: 20 (base)  = 20
    base files: ["JELLGRSU"]
    base files: ["X#JELLY","X#SLIME"]
    → ooze needs a helmet to cover immunity from critical hits. Adding a helmet to cover it.

Creating Ochre Jelly...
    warning: No attack defined, using defaults
    base files: ["BDJELLOC","BDSHJELL","BPJLOC01","JELLOC","JELLYCO"]
    → Level: 6, hit points: 60 (base)  = 60
    → ooze needs a helmet to cover immunity from critical hits. Adding a helmet to cover it.
    → ja#i1m31 enchant: 1

Creating Olive Slime Creature...
    warning: No attack defined, using defaults
    base files: ["SCHLUM"]
    → Level: 12, hit points: 120 (base) +72 (con) +2 (bonus) = 194
    → ooze needs a helmet to cover immunity from critical hits. Adding a helmet to cover it.
    → ja#i1m34 enchant: 4

Creating Slithering Tracker...
    warning: No attack defined, using defaults
    base files: ["AC#FPSLT"]
    → Level: 5, hit points: 50 (base) +20 (con)  = 70
    → ooze needs a helmet to cover immunity from critical hits. Adding a helmet to cover it.
    → ja#i0m35 enchant: 1
    Generating documentation for Black Pudding
    Generating documentation for White Pudding
    Generating documentation for Mustard Jelly
    Generating documentation for Fission Slime
    Generating documentation for Gray Ooze
    Generating documentation for Green Slime
    Generating documentation for Ochre Jelly
    Generating documentation for Olive Slime Creature
    Generating documentation for Slithering Tracker

Creating Gargantuan Spider...
    adding effect file ja#s1m40 for spell 10722
    base files: ["BDSPIDGA"]
    → AC reduced to 5 (was 4) because of dexterity bonus (-1)
    → Level: 8, hit points: 64 (base) +24 (con) +8 (bonus) = 96
    → ja#i0m40 enchant: 3
    → Melee range: 3

Creating Ghostwalk Spider...
    poison (1dmg/x seconds) (death) => 14/18 ==> 3: 1/18 (total=18, diff duration=0)
    base files: ["C#LCCENS","L#ULCSP"]
    → AC reduced to 10 (was 6) because of dexterity bonus (-4)
    → Level: 14, hit points: 112 (base) +42 (con)  = 154
    → ja#i1m3a enchant: 4
    → Melee range: 2
    → ja#i2m3a enchant: 4
    → Melee range: 2

Creating Giant Spider...
    warning: No attack defined, using defaults
    warning: No behavior defined, using defaults
    base files: ["BDHELP01","BDSPIDGI","BDWISTAK","BPSPID02","PLYSPID2","RSSPIDGI","SPIDGI","SPIDGISU","SPIDFGSU"]
    → AC reduced to 6 (was 4) because of dexterity bonus (-2)
    → Level: 4, hit points: 32 (base) +4 (bonus) = 36
    base files: ["SPIDGISU","BDHELP01","SPIDFGSU"]
    base files: ["PLYSPID2"]
    → ja#i0m38 enchant: 1
    → Melee range: 2

Creating Hairy Spider...
    warning: No attack defined, using defaults
    base files: ["BDSPIDER","SPIDSM01"]
    → Level: 1, hit points: 8 (base) +1 (bonus) = 9
    base files: ["BDSPIDER"]
    → Melee range: 0

Creating Huge Spider...
    poison (1dmg/x seconds) (normal) => 15/50 ==> 3: 3/50 (total=16.666666666666668, diff duration=0)
    warning: No attack defined, using defaults
    warning: No behavior defined, using defaults
    base files: ["BDSPIDHU","SPIDHU","SPIDLAND"]
    → AC reduced to 8 (was 6) because of dexterity bonus (-2)
    → Level: 2, hit points: 16 (base) +2 (bonus) = 18
    → Melee range: 1

Creating Hunting Spider...
    poison (1dmg/x seconds) (normal) => 15/50 ==> 3: 3/50 (total=16.666666666666668, diff duration=0)
    warning: No attack defined, using defaults
    base files: ["D5SMSPID"]
    → AC reduced to 6 (was 4) because of dexterity bonus (-2)
    → Level: 3, hit points: 24 (base) +3 (bonus) = 27
    base files: ["D5SMSPID"]
    → Melee range: 2

Creating Phase Spider...
    warning: No attack defined, using defaults
    base files: ["SPIDPH","SPIDPHSU","SPIDPHAS"]
    → AC reduced to 8 (was 7) because of dexterity bonus (-1)
    → Level: 5, hit points: 50 (base) +5 (bonus) = 55
    → calculating THAC0 as a level 6 creature
    base files: ["SPIDPHSU"]
    base files: ["SPIDPHAS"]
    → Level: 12, hit points: 120 (base) +5 (bonus) = 125
    → ja#i1m39 enchant: 1
    → Melee range: 2

Creating Sword Spider...
    warning: No attack defined, using defaults
    base files: ["BDHELP03","BDSPID7L","BPSPID03","PLYSPID","SPIDSW","SPIDSW01","SPIDSWSU","BPSPID01","GV#SPID","WISPID01","WISPID02","WISPID03"]
    → dual wielding detected
    → setting dual wield: 1 APR +1 offhand
    → AC reduced to 7 (was 3) because of dexterity bonus (-4)
    → Level: 5, hit points: 40 (base) +5 (bonus) = 45
    base files: ["BDHELP03","SPIDSWSU"]
    base files: ["PLYSPID"]
    base files: ["WISPID03"]
    → ja#i0m3b enchant: 1
    → Melee range: 2
    → ja#i1m3b enchant: 1
    → Melee range: 2
    → ja#i2m3b enchant: 1
    → Melee range: 2
    → ja#i3m3b enchant: 1
    → Melee range: 2
    → ja#i4m3b enchant: 1
    → Melee range: 2

Creating Vortex Spider...
    warning: No attack defined, using defaults
    base files: ["SMSPID02"]
    → AC reduced to 5 (was 4) because of dexterity bonus (-1)
    → Level: 7, hit points: 56 (base) +4 (bonus) = 60
    → calculating THAC0 as a level 8 creature
    → ja#i1m3f enchant: 2
    → Melee range: 2

Creating Wraith Spider...
    warning: No attack defined, using defaults
    base files: ["C#Q04009","SPIDWR","SPIDWR01","TTSPID"]
    → AC reduced to 6 (was 5) because of dexterity bonus (-1)
    → Level: 3, hit points: 24 (base) +2 (bonus) = 26
    → undead needs a helmet to cover immunity from critical hits. Adding a helmet to cover it.
    → Melee range: 1
    Generating documentation for Gargantuan Spider
    Generating documentation for Ghostwalk Spider
    Generating documentation for Giant Spider
    Generating documentation for Hairy Spider
    Generating documentation for Huge Spider
    Generating documentation for Hunting Spider
    Generating documentation for Phase Spider
    Generating documentation for Sword Spider
    Generating documentation for Vortex Spider
    Generating documentation for Wraith Spider

Creating Wolf...
    warning: No attack defined, using defaults
    warning: No behavior defined, using defaults
    base files: ["BDURE6D","BDWOLF","BDWOLF02","DW#RNWLF","RSWOLF","WOLF","WOLFSU"]
    → AC reduced to 8 (was 7) because of dexterity bonus (-1)
    → Level: 3, hit points: 24 (base)  = 24
    base files: ["WOLFSU"]
    → Melee range: 1

Creating Dire Wolf...
    warning: No attack defined, using defaults
    warning: No behavior defined, using defaults
    base files: ["BDWOLFDI","P#WOLF02","WOLFDI","WOLFDISU","UBNIMWLF","SHAWOL01","RUFIE","L#FAIEN3"]
    → AC reduced to 7 (was 6) because of dexterity bonus (-1)
    → Level: 4, hit points: 32 (base) +4 (con) +4 (bonus) = 40
    → calculating THAC0 as a level 5 creature
    base files: ["WOLFDISU"]
    base files: ["SHAWOL01"]
    → incorporeal needs a helmet to cover immunity from critical hits. Adding a helmet to cover it.
    → ja#i0m13 enchant: 1
    → Melee range: 2

Creating Dread Wolf...
    adding effect file ja#s0m16 for spell monster.wolf.ability.dreadWolfDownState.name
    warning: No attack defined, using defaults
    warning: No behavior defined, using defaults
    base files: ["BDWOLFDR","D5WOLFD1","DW#REWO","P#WOLF03","P#WOLF05","PLYWOLF","WOLFD1","WOLFDR","L#HALWO"]
    → Level: 4, hit points: 32 (base) +4 (bonus)+10 (special) = 46
    → calculating THAC0 as a level 5 creature
    → ja#i2m16 enchant: 1
    → Melee range: 1

Creating Vampiric Wolf...
    warning: No behavior defined, using defaults
    base files: ["BDWOLFVA","P#WOLF04","WOLFVA","DW#ULCWO"]
    → Level: 6, hit points: 48 (base) +4 (bonus) = 52
    → calculating THAC0 as a level 7 creature
    → ja#i0m15 enchant: 2
    → Melee range: 1
    → ja#i1m15 enchant: 2
    → Melee range: 1
    → ja#i2m15 enchant: 2
    → Melee range: 1

Creating Winter Wolf...
    adding projectile ja#s0m14 for spell Stream of frost
    warning: No attack defined, using defaults
    base files: ["P#WOLF01","WOLFWI","WOLFWISU","WOLFWWSU","L#WOLST"]
    → Level: 6, hit points: 60 (base)  = 60
    → ja#i1m14 enchant: 1
    → Melee range: 2

Creating Worg...
    warning: No attack defined, using defaults
    warning: No behavior defined, using defaults
    base files: ["WOLFCH","BDWORG","WORG","WORGAR","WORGSU"]
    → Level: 3, hit points: 30 (base) +3 (bonus) = 33
    → calculating THAC0 as a level 4 creature
    base files: ["WORGSU"]
    → Melee range: 1
    Generating documentation for Wolf
    Generating documentation for Dire Wolf
    Generating documentation for Dread Wolf
    Generating documentation for Vampiric Wolf
    Generating documentation for Winter Wolf
    Generating documentation for Worg

Creating Wyvern...
    warning: No attack defined, using defaults
    warning: No behavior defined, using defaults
    base files: ["WYVERN","WYVERNSU","BDWYVR01","CORWYVRN"]
    → dual wielding detected
    → setting dual wield: 1 APR +1 offhand
    → Level: 7, hit points: 56 (base) +14 (con) +7 (bonus) = 77
    → calculating THAC0 as a level 8 creature
    base files: ["WYVERNSU"]
    → ja#i1m46 enchant: 2
    → Melee range: 3
    → ja#i2m46 enchant: 2
    → Melee range: 3

Creating Baby Wyvern from Wyvern...
    replacing item in slot WEAPON1
    replacing item in slot SHIELD
    base files: ["BDWYVR02","C#Q04002","PLYWYVRN","WYVBABSU","WYVERBA"]
    → dual wielding detected
    → setting dual wield: 1 APR +1 offhand
    → Level: 5, hit points: 40 (base) +10 (con) +5 (bonus) = 55
    → calculating THAC0 as a level 6 creature
    base files: ["PLYWYVRN"]
    base files: ["WYVBABSU"]
    → ja#i0m47 enchant: 1
    → Melee range: 2
    → ja#i1m47 enchant: 1
    → Melee range: 2

Creating Greater Wyvern from Wyvern...
    replacing item in slot WEAPON1
    replacing item in slot SHIELD
    base files: ["BDWYVR03","WYVERNBI"]
    → dual wielding detected
    → setting dual wield: 1 APR +1 offhand
    → Level: 11, hit points: 88 (base) +22 (con) +11 (bonus) = 121
    → calculating THAC0 as a level 12 creature
    → ja#i0m48 enchant: 4
    → Melee range: 3
    → ja#i1m48 enchant: 4
    → Melee range: 3
    Generating documentation for Wyvern
    Generating documentation for Baby Wyvern
    Generating documentation for Greater Wyvern

Creating Banshee...
    warning: No attack defined, using defaults
    base files: ["BD302BAN","banshe01","firmon01","dsbanshe","f_wailin"]
    → Level: 7, hit points: 84 (base)  = 84
    base files: ["dsbanshe"]
    → undead needs a helmet to cover immunity from critical hits. Adding a helmet to cover it.
    → ja#i1m49 enchant: 2
    → Melee range: 1

Creating Ghoul...
    warning: No attack defined, using defaults
    base files: ["AC#FPGHL","GHOUL","GHOULSU","WAGHOUL","KORAX","BHGHOUL1","ghoul01","GTCIT1","GTCIT2","bodakmd","ghuldmod","MH#GLGHO","lacedo01","sahlace","JA#SUTY1","JA#SUTY3"]
    → dual wielding detected
    → setting dual wield: 2 APR +1 offhand
    → AC reduced to 7 (was 6) because of dexterity bonus (-1)
    → Level: 2, hit points: 24 (base)  = 24
    base files: ["GHOULSU"]
    base files: ["KORAX"]
    → Level: 4, hit points: 48 (base)  = 48
    → undead needs a helmet to cover immunity from critical hits. Adding a helmet to cover it.
    → Melee range: 1
    → Melee range: 1

Creating Ghast...
    warning: No attack defined, using defaults
    base files: ["BDGHAST","BSGHAST1","BPGHAS01","GHAST","GHASTD","GHASTS","GHASTF01","GRAEL","SEWERF3","L#SKEST","BHGHOUL2","BHGHOUL4","ghast01","ghastgsu","gmayor","nevm3","theshal","besamen","bpghast","bsghast1","CDI4GHST","MH#GLGHA","sghastgr","sk#algol","sk#ssp3","XGHAST1","XGHAST2"]
    → dual wielding detected
    → setting dual wield: 2 APR +1 offhand
    → AC reduced to 7 (was 4) because of dexterity bonus (-3)
    → Level: 4, hit points: 48 (base)  = 48
    base files: ["GHASTS","ghastgsu"]
    base files: ["CDI4GHST","GHASTS","ghastgsu"]
    base files: ["GRAEL"]
    → Level: 11, hit points: 132 (base)  = 132
    → undead needs a helmet to cover immunity from critical hits. Adding a helmet to cover it.
    → Melee range: 1
    → Melee range: 1

Creating Ghoul Lord...
    warning: No attack defined, using defaults
    base files: ["BPGHGR01","GHOULLOR","BDGHASTG","ghogr01","gholor01","riftcr01","lacedo02","cmghau01","MALKAL"]
    → dual wielding detected
    → setting dual wield: 2 APR +1 offhand
    → AC reduced to 7 (was 4) because of dexterity bonus (-3)
    → Level: 6, hit points: 72 (base)  = 72
    base files: ["MALKAL"]
    → undead needs a helmet to cover immunity from critical hits. Adding a helmet to cover it.
    → ja#i1m4d enchant: 1
    → Melee range: 1
    → ja#i2m4d enchant: 1
    → Melee range: 1

Creating Mummy...
    adding effect file ja#s1m4e for spell monster.undead.ability.mummyFearAura.name
    warning: No attack defined, using defaults
    base files: ["BDMUMM01","BDMUMMY","AC#FPMMY","mummy","mummy01","F_MUMMY","O#LLARU1","O#LLARU2","O#LLARU3","O#LLARU4","O#LLARU5","O#LLARU6","mumx1"]
    → Level: 6, hit points: 72 (base) +3 (bonus) = 75
    → calculating THAC0 as a level 7 creature
    → undead needs a helmet to cover immunity from critical hits. Adding a helmet to cover it.
    → ja#i1m4e enchant: 2
    → Melee range: 1

Creating Greater Mummy...
    adding effect file ja#s1m4f for spell monster.undead.ability.mummyFearAura.name
    warning: No attack defined, using defaults
    base files: ["mumgre01","riftcr03","MUMMYX1"]
    → AC reduced to 0 (was -2) because of dexterity bonus (-2)
    → Level: 12, hit points: 144 (base) +3 (bonus) = 147
    → calculating THAC0 as a level 13 creature
    → Level: 12, class: CLERIC, saving throws table: priest, {"levels":[10,12],"saveDeath":6,"saveWand":10,"savePolymorph":9,"saveBreath":12,"saveSpell":11}
    → undead needs a helmet to cover immunity from critical hits. Adding a helmet to cover it.
    → ja#i1m4f enchant: 4
    → Melee range: 1

Creating Shadow...
    warning: No attack defined, using defaults
    base files: ["AC#FPSHD","BDSHAD04","BPSHADOW","D5_MASK3","L#GNOSH","WISHADO2","kshadow","rngsha","rngsha01","rngsha03","rngsha04","sdshadow","sewsha03","shadow01","shadowsu","sumshad","uhcreat","lshadfi","lshadow","a#sdsha1","a#sdsha2","a#sdsha3","a#sdsha4","acshad01","specx1","va#shdgl","AC#FPMDS","BDSHAD02","BDSHSOUL","L#GNOAL","L#GNOEN","SHADOW01","SHADOWSU","WISHADO1"]
    → Level: 3, hit points: 36 (base) +3 (bonus) = 39
    → calculating THAC0 as a level 4 creature
    base files: ["va#shdgl","sumshad","a#sdsha1","a#sdsha2","a#sdsha3","a#sdsha4"]
    base files: ["a#sdsha1","a#sdsha2","a#sdsha3","a#sdsha4"]
    base files: ["AC#FPMDS"]
    base files: ["BDSHAD02","L#GNOAL","L#GNOEN"]
    → Level: 5, hit points: 60 (base) +3 (bonus) = 63
    base files: ["BDSHSOUL"]
    → Level: 7, hit points: 84 (base) +3 (bonus) = 87
    → undead needs a helmet to cover immunity from critical hits. Adding a helmet to cover it.
    → Melee range: 1
    → Melee range: 1
    → Melee range: 1

Creating Greater Shadow...
    warning: No attack defined, using defaults
    base files: ["BDSHADGR","BDSHADOW"]
    → AC reduced to 7 (was 5) because of dexterity bonus (-2)
    → Level: 8, hit points: 96 (base) +8 (bonus) = 104
    → calculating THAC0 as a level 9 creature
    → undead needs a helmet to cover immunity from critical hits. Adding a helmet to cover it.
    → ja#i1m59 enchant: 3
    → Melee range: 1

Creating Baneguard...
    base files: ["BDSKGR03","BDTEAM61"]
    → Level: 9, hit points: 108 (base)  = 108
    → undead needs a helmet to cover immunity from critical hits. Adding a helmet to cover it.

Creating Bonebat...
    warning: No attack defined, using defaults
    base files: ["BDBONBAT"]
    → Level: 4, hit points: 48 (base)  = 48
    → undead needs a helmet to cover immunity from critical hits. Adding a helmet to cover it.
    → Melee range: 1

Creating Skeleton...
    base files: ["AD3SKLM","BDSKGR00","CDMHSKEL","DW#MULSA","DW#MULSK","ISKELET","KRYSKEL","SKELACI","GHASTSU","SKELDIS","SKELE2","SKELET","SKELET02","SKELET03","SKELETB","SKELETS","SKELET_A","SKELET_B","SKELET_C","SKELFIRE","SKELICE","SKELLESU","SKELMEL","SKELPETR","X3RSKEL1","X3RSKEL2","WISKEL","BPSKEL","SKELGRSU","BDSKGR02","BDSKGR05","BDSKGR06","BDSKGR04","BDTEAM63","SKELAR01","SKELAR02","BDSKGR07","BDTEAM60","L#HAUSK","KNIGHTSK","KRYSKEL1","KRYSKEL2","KRYSKEL3","KRYSKEL4","KRYSKEL5","KRYSKEL6","YSRSDEAD","YSRSTDD1","YSRSTDD2","YSRSTDD3","bpskelar","CMSKE01","CMSKE02"]
    → Level: 1, hit points: 12 (base)  = 12
    base files: ["AD3SKLM","GHASTSU","SKELLESU","SKELGRSU"]
    base files: ["KRYSKEL"]
    → Level: 2, hit points: 24 (base)  = 24
    base files: ["SKELLESU"]
    → Level: 3, hit points: 36 (base)  = 36
    base files: ["SKELGRSU"]
    → Level: 5, hit points: 60 (base)  = 60
    base files: ["L#HAUSK"]
    → Level: 13, hit points: 156 (base)  = 156
    base files: ["SKELPETR"]
    base files: ["BDSKGR02"]
    → Level: 6, hit points: 72 (base)  = 72
    base files: ["KNIGHTSK"]
    → Level: 9, hit points: 108 (base)  = 108
    base files: ["KRYSKEL1","KRYSKEL2","KRYSKEL3","KRYSKEL4","KRYSKEL5","KRYSKEL6"]
    → Level: 2, hit points: 24 (base)  = 24
    base files: ["YSRSTDD1","YSRSTDD2","YSRSTDD3"]
    base files: ["YSRSDEAD"]
    → Level: 2, hit points: 24 (base)  = 24
    base files: ["SKELACI","SKELICE","SKELFIRE"]
    → Level: 2, hit points: 24 (base)  = 24
    base files: ["BDSKGR05","BDSKGR06"]
    → Level: 4, hit points: 48 (base)  = 48
    base files: ["BDSKGR04","BDTEAM63"]
    → Level: 5, hit points: 60 (base)  = 60
    base files: ["SKELAR01","SKELAR02"]
    → Level: 6, hit points: 72 (base)  = 72
    base files: ["BDSKGR07"]
    → Level: 2, hit points: 24 (base)  = 24
    base files: ["BDTEAM60"]
    → Level: 4, hit points: 48 (base)  = 48
    base files: ["SKELDIS"]
    → Level: 3, hit points: 36 (base)  = 36
    base files: ["GHASTSU"]
    → Level: 4, hit points: 48 (base)  = 48
    warning: Skeleton: ability references spell 'SPWI219' (Vocalize) which isn't memorized anywhere.
    warning: Skeleton: ability references spell 'SPWI212' (Mirror Images) which isn't memorized anywhere.
    warning: Skeleton: ability references spell 'SPWI412' (Greater Malison) which isn't memorized anywhere.
    warning: Skeleton: ability references spell 'SPWI411' (Emotion) which isn't memorized anywhere.
    warning: Skeleton: ability references spell 'SPWI318' (Minor Spell Deflection) which isn't memorized anywhere.
    warning: Skeleton: ability references spell 'SPWI114' (Shield) which isn't memorized anywhere.
    warning: Skeleton: ability references spell 'SPWI305' (Haste) which isn't memorized anywhere.
    warning: Skeleton: ability references spell 'SPWI312' (Slow) which isn't memorized anywhere.
    warning: Skeleton: ability references spell 'SPWI321' (Spell Thrust) which isn't memorized anywhere.
    warning: Skeleton: ability references spell 'SPWI125' (Spook) which isn't memorized anywhere.
    warning: Skeleton: ability references spell 'SPWI213' (Stinking Cloud) which isn't memorized anywhere.
    warning: Skeleton: ability references spell 'SPWI211' (Melf Acid Arrow) which isn't memorized anywhere.
    warning: Skeleton: ability references spell 'SPWI112' (Magic Missiles) which isn't memorized anywhere.
    warning: Skeleton: ability references spell 'SPWI118' (Chromatic Orb) which isn't memorized anywhere.
    warning: Skeleton: ability references spell 'SPWI224' (Glitterdust) which isn't memorized anywhere.
    → undead needs a helmet to cover immunity from critical hits. Adding a helmet to cover it.

Creating Skeleton Warrior...
    base files: ["BDSKGR08","SKELWA","SKELWA01","SKELWA02","SKELWA03","SKELWASU","C0DESUM1","C0DESUM2","C0DESUM3","C0DESUM4","C0DESUM5","DW#ANGSK","DW#DIASK","DW#SEMSK","SKELSU01","SKELSU07","SKELSU11","ICHARY","BDUNSEN","BDSKGR01","BDTEAM62","ar18skel","ceskel01","grskel1","grskel2","grtomb01","hgskl04","nevm2","riftcr02","rskel02","sahskel","suundead","tanskw1","bgskel02","bgskelwa","cmskel01","cmskel02","fhlskl1","fhlskl2","jc_ske01","tg#dud1","ranske7","ranske9","skelwa04","skelwax2","skelwmod"]
    → Level: 9, hit points: 108 (base) +8 (bonus) = 116
    → calculating THAC0 as a level 10 creature
    base files: ["SKELWASU"]
    base files: ["C0DESUM1","SKELSU01"]
    → Level: 3, hit points: 36 (base) +8 (bonus) = 44
    base files: ["C0DESUM2","SKELSU07"]
    → Level: 5, hit points: 60 (base) +8 (bonus) = 68
    base files: ["C0DESUM3","SKELSU11"]
    → Level: 7, hit points: 84 (base) +8 (bonus) = 92
    base files: ["BDUNSEN"]
    → Level: 7, hit points: 84 (base) +8 (bonus) = 92
    base files: ["BDSKGR01","BDTEAM62"]
    → Level: 7, hit points: 84 (base) +8 (bonus) = 92
    base files: ["C0DESUM4"]
    → Level: 9, hit points: 108 (base) +8 (bonus) = 116
    base files: ["SKELWA03"]
    → Level: 13, hit points: 156 (base) +8 (bonus) = 164
    base files: ["C0DESUM5"]
    → Level: 15, hit points: 180 (base) +8 (bonus) = 188
    base files: ["ICHARY"]
    → Level: 15, hit points: 180 (base) +8 (bonus) = 188
    → undead needs a helmet to cover immunity from critical hits. Adding a helmet to cover it.

Creating Spectre...
    warning: No attack defined, using defaults
    base files: ["BDSOTUK","BDSPIRIT","BDWORIS","BSPLSPRT","DURLAGT","ISLA","L#AMBAM","L#BASTRE","L#FWMMER","L#HIGBO","L#ORM1","L#ORM2","L#ORMETT","L#ULCC1","L#ULCC2","L#ULCC3","L#ULCC4","L#ULCCH","L#ULGEN1","L#ULGGH","NTBKNIGH","NTGGHOT1","NTGGHOTA","SLAYSH01","X#GARWYL"]
    → Level: 7, hit points: 84 (base) +3 (bonus) = 87
    → calculating THAC0 as a level 8 creature
    → undead needs a helmet to cover immunity from critical hits. Adding a helmet to cover it.
    → ja#i1m53 enchant: 2
    → Melee range: 1

Creating Ghost...
    warning: No attack defined, using defaults
    base files: ["BDGHOSTM","daitel","BDLITLA"]
    → Level: 10, hit points: 120 (base)  = 120
    base files: ["BDLITLA"]
    warning: Ghost: ability references spell 'SPWI219' (Vocalize) which isn't memorized anywhere.
    warning: Ghost: ability references spell 'SPWI505' (Shadow Door) which isn't memorized anywhere.
    warning: Ghost: ability references spell 'SPWI611' (Protection From Magical Weapons) which isn't memorized anywhere.
    warning: Ghost: ability references spell 'SPWI408' (Stoneskin) which isn't memorized anywhere.
    warning: Ghost: ability references spell 'SPWI406' (Minor Globe Of Invulnerability) which isn't memorized anywhere.
    warning: Ghost: ability references spell 'SPWI311' (Protection From Missiles) which isn't memorized anywhere.
    warning: Ghost: ability references spell 'SPWI318' (Minor Spell Deflection) which isn't memorized anywhere.
    warning: Ghost: ability references spell 'SPWI212' (Mirror Images) which isn't memorized anywhere.
    warning: Ghost: ability references spell 'SPWI114' (Shield) which isn't memorized anywhere.
    warning: Ghost: ability references spell 'SPWI418' (Fire Shield) which isn't memorized anywhere.
    warning: Ghost: ability references spell 'SPWI513' (Breach) which isn't memorized anywhere.
    warning: Ghost: ability references spell 'SPWI321' (Spell Thrust) which isn't memorized anywhere.
    warning: Ghost: ability references spell 'SPWI326' which isn't memorized anywhere.
    warning: Ghost: ability references spell 'SPWI302' (Dispel Magic) which isn't memorized anywhere.
    warning: Ghost: ability references spell 'SPWI615' (Chain Lightning) which isn't memorized anywhere.
    warning: Ghost: ability references spell 'SPWI502' (Cloudkill) which isn't memorized anywhere.
    warning: Ghost: ability references spell 'SPWI523' (Fireburst) which isn't memorized anywhere.
    warning: Ghost: ability references spell 'SPWI503' (Cone of Cold) which isn't memorized anywhere.
    warning: Ghost: ability references spell 'SPWI412' (Greater Malison) which isn't memorized anywhere.
    warning: Ghost: ability references spell 'SPWI401' (Confusion) which isn't memorized anywhere.
    warning: Ghost: ability references spell 'SPWI421' (Teleport Field) which isn't memorized anywhere.
    warning: Ghost: ability references spell 'SPWI426' (Vitriolic Sphere) which isn't memorized anywhere.
    warning: Ghost: ability references spell 'SPWI431' (Mordenkainen's Force Missiles) which isn't memorized anywhere.
    warning: Ghost: ability references spell 'SPWI312' (Slow) which isn't memorized anywhere.
    warning: Ghost: ability references spell 'SPWI303' (Flame Arrow) which isn't memorized anywhere.
    warning: Ghost: ability references spell 'SPWI308' (Lightning Bolt) which isn't memorized anywhere.
    warning: Ghost: ability references spell 'SPWI306' which isn't memorized anywhere.
    warning: Ghost: ability references spell 'SPWI201' (Blur) which isn't memorized anywhere.
    warning: Ghost: ability references spell 'SPWI215' (Web) which isn't memorized anywhere.
    warning: Ghost: ability references spell 'SPWI232' (Combust) which isn't memorized anywhere.
    warning: Ghost: ability references spell 'SPWI211' (Melf Acid Arrow) which isn't memorized anywhere.
    warning: Ghost: ability references spell 'SPWI217' (Agannazar's Scorcher) which isn't memorized anywhere.
    warning: Ghost: ability references spell 'SPWI106' (Obscuring Mist) which isn't memorized anywhere.
    warning: Ghost: ability references spell 'SPWI125' (Spook) which isn't memorized anywhere.
    warning: Ghost: ability references spell 'SPWI112' (Magic Missiles) which isn't memorized anywhere.
    warning: Ghost: ability references spell 'SPWI103' (Burning Hands) which isn't memorized anywhere.
    → undead needs a helmet to cover immunity from critical hits. Adding a helmet to cover it.
    → ja#i1m5d enchant: 3
    → Melee range: 1
    warning: No slot defined for equipped item ja#i2m50, check if it is used by an adjustment
    warning: No slot defined for equipped item ja#i3m50, check if it is used by an adjustment
    Generating documentation for Banshee
    Generating documentation for Ghoul
    Generating documentation for Ghast
    Generating documentation for Ghoul Lord
    Generating documentation for Mummy
    Generating documentation for Greater Mummy
    Generating documentation for Shadow
    Generating documentation for Greater Shadow
    Generating documentation for Baneguard
    Generating documentation for Bonebat
    Generating documentation for Skeleton
    Generating documentation for Skeleton Warrior
    Generating documentation for Spectre
    Generating documentation for Ghost
    Generating changelog documentation

Generating common code
----------------------

Generating translations
-----------------------

Summary
-------
No errors
149 warnings
Finished!
