recorder: 34 new, 0 changed

NEW (34):
  X32KALE   Kale
  X32KBRO   Samuel
  X32KQST1  Lilah
  X32KQST2  Dead Halfling
  X32RB1    Bandit
  X32RB2    Bandit
  X32RB3    Bandit
  X32RB4    Bandit
  X32RB5    Bandit
  X32RB6    Bandit
  X32RCIN   Cindy
  X32REC    Recorder
  X3BRYCE   Bryce
  X3KALE    Kale
  X3KBRO    Samuel Longfoot
  X3KDEAL   Debtor
  X3KIRK    Kirk
  X3KKEEP   Shopkeep Assistant
  X3KMIKE   Mike
  X3KMOM    Betsy Longfoot
  X3KTHUG   Thug
  X3KTHUG2  Thug
  X3KTHUG3  Thug
  X3RARN    Arnold Harmon
  X3RCIN    Cindy Harmon
  X3REC     Recorder
  X3RFER    Gustav
  X3RHAWK   Hawk
  X3RLEAD   Expedition Leader
  X3RNEC    Rick
  X3RPAL    Sir Mark Harmon
  X3RSKEL1  Skeleton
  X3RSKEL2  Skeleton
  X3RUBY    Ruby
