kvel_bg1: 34 new, 0 changed

NEW (34):
  C02ANDR2  Androsz
  C02ANDRO  Androsz
  C02KVC01  Crusader Leader
  C02KVC02  Crusader
  C02KVC03  Crusader
  C02KVC04  Crusader
  C02KVD01  Crusader Elite
  C02KVEL   K'Vel
  C02KVM01  Ablemarle
  C02KVS01  Flaming Fist Mercenary
  C02KVS02  Helvdar
  C02KVS03  Daggerford Militia
  C02KVS04  Waterdhavian Soldier
  C0KV4809
  C0KVDR01  Musaj Zaer'iyon
  C0KVDR02  Jhan Zaer'iyon
  C0KVDR03  Androsz Zaer'iyon
  C0KVDR04  Champion of Selvetarm
  C0KVDR05  Drow Assassin
  C0KVEL    Kvel
  C0KVME01  Merchant
  C0KVME02  Merchant
  C0KVNOB1  Lord Orfred Tonbottom II
  C0KVNP01  Ecthel Darcourt
  C0KVNP02  Caravan Bodyguard
  C0KVNP03  Caravan Bodyguard
  C0KVNP04  Caravan Bodyguard
  C0KVNP05  Oxley
  C0KVNP06  Thug
  C0KVNP07  Thug
  C0KVNP08  Mercenary
  C0KVOG01  Orog
  C0KVOG02  Orog
  C0KVOG03  Orog Elite
