stratagems: 31 new, 0 changed

NEW (31):
  AD3SKLM   Skeleton
  DW#WATE2  Water Elemental
  DW#WATE3  But no, this is nothing I can give you. Neither as a reward, nor as a promise of more. I am not the man who does it like this, <CHARNAME>.
  DWSST1
  DWSST2
  DWSST3
  DWSST4
  ES8WATR   Lesser Water Elemental
  GISBOMB   Bombardier Beetle
  GISBORB   Boring Beetle
  MS7BGRD   Boneguard
  MS7UMBH   Umber Hulk
  SS1GOB1   Goblin
  SS1GOB2   Goblin
  SS1GOB3   Goblin
  SS1LIZ3   Lizard Man
  SS1LIZ4   Lizard Man
  SS1TRL6   Troll
  SS1TRL7   Troll
  SS1TRL8   Troll
  SS2GOB1   Goblin Elite
  SS2GOB2   Goblin Elite
  SS2GOB3   Goblin Elite
  SS2LIZ5   Tough Lizard Man
  SS2LIZ6   Tough Lizard Man
  SS2LIZ7   Tough Lizard Man
  SS3TRL7   Troll
  SS3TRL8   Troll
  SS3UMB8   Umber Hulk
  SS3UMB9   Umber Hulk
  SSHAMB    Shambling Mound
