A7-GolemConstruction: 93 new, 7 changed

NEW (93):
  A7!GLAD1  Lesser Adamantite Golem
  A7!GLAD2  Adamantite Golem
  A7!GLAD3  Greater Adamantite Golem
  A7!GLAD4  Perfect Adamantite Golem
  A7!GLBD   Bone Doll
  A7!GLBO   Bone Golem
  A7!GLBR   Brain Golem
  A7!GLCL1  Lesser Clay Golem
  A7!GLCL2  Clay Golem
  A7!GLCL3  Greater Clay Golem
  A7!GLCL4  Perfect Clay Golem
  A7!GLDO   Doll Golem
  A7!GLFL1  Lesser Flesh Golem
  A7!GLFL2  Flesh Golem
  A7!GLFL3  Greater Flesh Golem
  A7!GLFL4  Perfect Flesh Golem
  A7!GLIC   Ice Golem
  A7!GLIR1  Lesser Iron Golem
  A7!GLIR2  Iron Golem
  A7!GLIR3  Greater Iron Golem
  A7!GLIR4  Perfect Iron Golem
  A7!GLLT   Lightning Golem
  A7!GLMA   Magic Golem
  A7!GLMG   Maggot Golem
  A7!GLMI1  Lesser Mithral Golem
  A7!GLMI2  Mithral Golem
  A7!GLMI3  Greater Mithral Golem
  A7!GLMI4  Perfect Mithral Golem
  A7!GLRU   Ruby Golem
  A7!GLST1  Lesser Stone Golem
  A7!GLST2  Stone Golem
  A7!GLST3  Greater Stone Golem
  A7!GLST4  Perfect Stone Golem
  A7!GSAD1  Lesser Adamantite Golem
  A7!GSAD2  Adamantite Golem
  A7!GSCL1  Lesser Clay Golem
  A7!GSCL2  Clay Golem
  A7!GSFL1  Lesser Flesh Golem
  A7!GSFL2  Flesh Golem
  A7!GSIR1  Lesser Iron Golem
  A7!GSIR2  Iron Golem
  A7!GSMI1  Lesser Mithral Golem
  A7!GSMI2  Mithral Golem
  A7!GSST1  Lesser Stone Golem
  A7!GSST2  Stone Golem
  A7!GXAD1  Lesser Adamantite Golem
  A7!GXAD2  Adamantite Golem
  A7!GXAD3  Greater Adamantite Golem
  A7!GXAD4  Perfect Adamantite Golem
  A7!GXBD   Golem Servant
  A7!GXBO   Bone Golem
  A7!GXBR   Brain Golem
  A7!GXCL1  Lesser Clay Golem
  A7!GXCL2  Clay Golem
  A7!GXCL3  Greater Clay Golem
  A7!GXCL4  Perfect Clay Golem
  A7!GXDO   Golem Servant
  A7!GXFL1  Lesser Flesh Golem
  A7!GXFL2  Flesh Golem
  A7!GXFL3  Greater Flesh Golem
  A7!GXFL4  Perfect Flesh Golem
  A7!GXIC   Ice Golem
  A7!GXIR1  Lesser Iron Golem
  A7!GXIR2  Iron Golem
  A7!GXIR3  Greater Iron Golem
  A7!GXIR4  Perfect Iron Golem
  A7!GXLT   Lightning Golem
  A7!GXMA   Magic Golem
  A7!GXMG   Maggot Golem
  A7!GXMI1  Lesser Mithral Golem
  A7!GXMI2  Mithral Golem
  A7!GXMI3  Greater Mithral Golem
  A7!GXMI4  Perfect Mithral Golem
  A7!GXRU   Ruby Golem
  A7!GXST1  Lesser Stone Golem
  A7!GXST2  Stone Golem
  A7!GXST3  Greater Stone Golem
  A7!GXST4  Perfect Stone Golem
  A7!GYAD1  Lesser Adamantite Golem
  A7!GYAD2  Adamantite Golem
  A7!GYCL1  Lesser Clay Golem
  A7!GYCL2  Clay Golem
  A7!GYFL1  Lesser Flesh Golem
  A7!GYFL2  Flesh Golem
  A7!GYIR1  Lesser Iron Golem
  A7!GYIR2  Iron Golem
  A7!GYMI1  Lesser Mithral Golem
  A7!GYMI2  Mithral Golem
  A7!GYST1  Lesser Stone Golem
  A7!GYST2  Stone Golem
  A7!MARK
  A7!SMDLG  Construct Golem
  A7!UPGR

CHANGED (7):
  BDDEAD01  Drowned in Blood
    weapon1: s1-8m1 -> S1-8M1
  BDJUNIA2  Junia
    weapon1: wight -> WIGHT
  BDPETSG   Lesser Stone Golem
    anim: GOLEM_CLAY -> GOLEM_MINI
  BDPETSG2  Lesser Stone Golem
    anim: GOLEM_CLAY -> GOLEM_MINI
  BDPETSGS  Lesser Stone Golem
    anim: GOLEM_CLAY -> GOLEM_MINI
  FGOLEM    Flesh Golem
    general: HUMANOID -> GIANTHUMANOID
  TOMEGOL1  Flesh Golem
    anim: GOLEM_CLAY -> A7!GOLEM_FLESH_PST
