cdtweaks: 763 new, 8 changed

NEW (763):
  AMNIS10   Amnian Soldier
  AMNIS11   Amnian Soldier
  AMNIS12   Amnian Soldier
  AMNIS13   Amnian Soldier
  AMNIS14   Amnian Soldier
  AMNIS15   Amnian Soldier
  AMNIS16   Amnian Soldier
  AMNIS17   Amnian Soldier
  AMNIS18   Amnian Soldier
  AMNIS19   Amnian Soldier
  AMNIS20   Amnian Soldier
  AMNIS5    Amnian Soldier
  AMNIS6    Amnian Soldier
  AMNIS7    Amnian Soldier
  AMNIS8    Amnian Soldier
  AMNIS9    Amnian Soldier
  ATTSLIM1  Commoner
  ATTSLIM2  Commoner
  ATTSLIM3  Commoner
  BANDIT10  Bandit
  BANDIT11  Bandit
  BANDIT12  Bandit
  BANDIT13  Bandit
  BANDIT14  Bandit
  BANDIT5   Bandit
  BANDIT6   Bandit
  BANDIT7   Bandit
  BANDIT8   Bandit
  BANDIT9   Bandit
  BANDITC1  Ruffian
  BART17    Bartender
  FAFIGHT1  Guard
  FAFIGHT2  Guard
  FARM1     Farmer
  FARM5     Farmer
  FARM6     Farmer
  FARM7     Farmer
  FARM8     Farmer
  FARMER1   Farmer
  FARMER2   Farmer
  FARMER3   Farmer
  FATMAN1   Commoner
  FATMAN10  Commoner
  FATMAN11  Commoner
  FATMAN12  Commoner
  FATMAN13  Commoner
  FATMAN2   Commoner
  FATMAN3   Commoner
  FATMAN4   Commoner
  FATMAN5   Commoner
  FATMAN6   Commoner
  FATMAN7   Commoner
  FATMAN8   Commoner
  FATMAN9   Commoner
  FATWOM1   Commoner
  FATWOM10  Commoner
  FATWOM11  Commoner
  FATWOM12  Commoner
  FATWOM13  Commoner
  FATWOM2   Commoner
  FATWOM3   Commoner
  FATWOM4   Commoner
  FATWOM5   Commoner
  FATWOM6   Commoner
  FATWOM7   Commoner
  FATWOM8   Commoner
  FATWOM9   Commoner
  FBASC1    Commoner
  FBAX_A1   Commoner
  FBAX_A2   Commoner
  FBAX_B1   Commoner
  FBAX_B2   Commoner
  FBAX_D1   Commoner
  FBAX_D2   Commoner
  FBAX_D3   Commoner
  FBAX_E1   Commoner
  FRIEND1   Guard
  FRIWEN1   Serving Wench
  FTOWBA1   Commoner
  FTOWBA10  Commoner
  FTOWBA11  Commoner
  FTOWBA12  Commoner
  FTOWBA13  Commoner
  FTOWBA14  Commoner
  FTOWBA15  Commoner
  FTOWBA16  Commoner
  FTOWBA17  Commoner
  FTOWBA18  Commoner
  FTOWBA19  Commoner
  FTOWBA2   Commoner
  FTOWBA20  Commoner
  FTOWBA21  Commoner
  FTOWBA22  Commoner
  FTOWBA23  Commoner
  FTOWBA24  Commoner
  FTOWBA3   Commoner
  FTOWBA4   Commoner
  FTOWBA5   Commoner
  FTOWBA6   Commoner
  FTOWBA7   Commoner
  FTOWBA8   Commoner
  FTOWBA9   Commoner
  FTOWBAA1  Commoner
  FTOWBAA2  Commoner
  FTOWBAA3  Commoner
  FTOWBAA4  Commoner
  FTOWBAA5  Commoner
  FTOWBAA6  Commoner
  FTOWBAA7  Commoner
  FTOWBAB1  Commoner
  FTOWBAB2  Commoner
  FTOWBAB3  Commoner
  FTOWBAC1  Commoner
  FTOWBAC2  Commoner
  FTOWBAC3  Commoner
  FTOWBAC4  Commoner
  FTOWBAD1  Commoner
  FTOWBAD2  Commoner
  FTOWBAD3  Commoner
  FTOWBAD4  Commoner
  FTOWBAE1  Commoner
  FTOWBAE2  Commoner
  FTOWBAS1  Commoner
  FTOWBAS2  Commoner
  FTOWBAS3  Commoner
  FTOWBAS4  Commoner
  FTOWBAS5  Commoner
  FTOWBAS6  Commoner
  FTOWBAS8  Commoner
  FTOWBAS9  Commoner
  FTOWBAX1  Commoner
  FTOWBAX2  Commoner
  FTOWBAX3  Commoner
  FTOWBES1  Commoner
  FTOWBES2  Commoner
  FTOWBES3  Commoner
  FTOWBEX1  Commoner
  FTOWBEX2  Commoner
  FTOWBEX3  Commoner
  FTOWBEX4  Commoner
  FTOWB_B1  Commoner
  FTOWB_E1  Commoner
  FTOWFR2   Commoner
  FTOWFRD1  Commoner
  FTOWN8    Commoner
  FTOWNA8   Commoner
  FTWBAX1   Commoner
  FTWBAX10  Commoner
  FTWBAX11  Commoner
  FTWBAX2   Commoner
  FTWBAX3   Commoner
  FTWBAX4   Commoner
  FTWBAX5   Commoner
  FTWBAX6   Commoner
  FTWBAX7   Commoner
  FTWBAX8   Commoner
  FTWBAX9   Commoner
  FTWBAXA1  Commoner
  FTWBAXA2  Commoner
  FTWBAXA3  Commoner
  FTWBAXA4  Commoner
  FTWBAXA5  Commoner
  FTWBAXA6  Commoner
  FTWBAXA7  Commoner
  FTWBAXA8  Commoner
  FTWBAXA9  Commoner
  FTWBAXB1  Commoner
  FTWBAXB2  Commoner
  FTWBAXB3  Commoner
  FTWBAXB4  Commoner
  FTWBAXB5  Commoner
  FTWBAXB6  Commoner
  FTWBAXB7  Commoner
  FTWBAXB8  Commoner
  FTWBAXB9  Commoner
  FTWBAXC1  Commoner
  FTWBAXC2  Commoner
  FTWBAXC3  Commoner
  FTWBAXC4  Commoner
  FTWBAXC5  Commoner
  FTWBAXC6  Commoner
  FTWBAXC7  Commoner
  FTWBAXC8  Commoner
  FTWBAXC9  Commoner
  FTWBAXD1  Commoner
  FTWBAXD2  Commoner
  FTWBAXD3  Commoner
  FTWBAXD4  Commoner
  FTWBAXD5  Commoner
  FTWBAXD6  Commoner
  FTWBAXD7  Commoner
  FTWBAXD8  Commoner
  FTWBAXD9  Commoner
  FTWBAXE1  Commoner
  FTWBAXE2  Commoner
  FTWBAXE3  Commoner
  FTWBAXE4  Commoner
  FTWBAXE5  Commoner
  FTWBAXE6  Commoner
  FTWBAXE7  Commoner
  FTWBAXE8  Commoner
  FTWBAXE9  Commoner
  GAMES10   Gamesman
  GAMES11   Gamesman
  GAMES12   Gamesman
  GAMES13   Gamesman
  GAMES14   Gamesman
  GAMES15   Gamesman
  GAMES16   Gamesman
  GAMES17   Gamesman
  GAMES18   Gamesman
  GAMES6    Gamesman
  GAMES7    Gamesman
  GAMES8    Gamesman
  GAMES9    Gamesman
  HALFFG1   Halfling Woman
  HALFGU1   Halfling Man
  HALFGU2   Halfling Man
  HALFGU3   Halfling Man
  HALFGU4   Halfling Man
  HALFGU5   Halfling Man
  HALFGU6   Halfling Man
  HALFGU7   Halfling Man
  HOUSG10   Guard
  HOUSG11   Guard
  HOUSG12   Guard
  HOUSG7    Guard
  HOUSG8    Guard
  HOUSG9    Guard
  IRON15    Guard
  IRON16    Guard
  IRONGU1   Guard
  IRONGU2   Guard
  IRONGU3   Guard
  IRONGU4   Guard
  IRONGU5   Guard
  IRONGU6   Guard
  IRONGU7   Guard
  IRONGU8   Guard
  IRONGU9   Guard
  MBASC1    Commoner
  MBASN1    Commoner
  MBASN2    Commoner
  MBAX_A1   Commoner
  MBAX_B1   Commoner
  MBAX_B2   Commoner
  MBAX_B3   Commoner
  MBAX_B4   Commoner
  MBAX_C1   Commoner
  MBAX_C2   Commoner
  MBAX_C3   Commoner
  MBAX_C4   Commoner
  MBAX_C5   Commoner
  MBAX_C6   Commoner
  MBAX_C7   Commoner
  MBAX_C8   Commoner
  MBAX_C9   Commoner
  MBAX_D1   Commoner
  MBAX_D2   Commoner
  MBAX_D3   Commoner
  MBAX_D4   Commoner
  MBAX_D5   Commoner
  MBAX_D6   Commoner
  MBAX_D7   Commoner
  MBAX_D8   Commoner
  MBAX_D9   Commoner
  MBAX_E1   Commoner
  MBAX_E2   Commoner
  MBAX_E3   Commoner
  MBAX_E4   Commoner
  MBAX_E5   Commoner
  MBAX_E6   Commoner
  MCOOK10   Cook
  MCOOK7    Cook
  MCOOK8    Cook
  MCOOK9    Cook
  MERCHG1   Guard
  MERLEA1   Merchant
  MERLEA2   Merchant
  MERLEA3   Merchant
  MERLEA4   Merchant
  MINERC1   Miner
  MINERC10  Miner
  MINERC11  Miner
  MINERC12  Miner
  MINERC13  Miner
  MINERC2   Miner
  MINERC3   Miner
  MINERC4   Miner
  MINERC5   Miner
  MINERC6   Miner
  MINERC7   Miner
  MINERC8   Miner
  MINERC9   Miner
  MINERN1   Miner
  MINERN2   Miner
  MINERN3   Miner
  MINERN4   Miner
  MINERN5   Miner
  MINERN6   Miner
  MINERN7   Miner
  MINERN8   Miner
  MINERN9   Miner
  MTOB11    Commoner
  MTOB12    Commoner
  MTOB13    Commoner
  MTOB14    Commoner
  MTOB15    Commoner
  MTOB16    Commoner
  MTOB17    Commoner
  MTOB18    Commoner
  MTOB19    Commoner
  MTOB20    Commoner
  MTOB21    Commoner
  MTOB22    Commoner
  MTOB23    Commoner
  MTOW1     Commoner
  MTOW2     Commoner
  MTOW3     Commoner
  MTOW4     Commoner
  MTOWBA1   Commoner
  MTOWBA10  Commoner
  MTOWBA11  Commoner
  MTOWBA12  Commoner
  MTOWBA13  Commoner
  MTOWBA14  Commoner
  MTOWBA15  Commoner
  MTOWBA16  Commoner
  MTOWBA17  Commoner
  MTOWBA18  Commoner
  MTOWBA19  Commoner
  MTOWBA1N  Commoner
  MTOWBA2   Commoner
  MTOWBA20  Commoner
  MTOWBA21  Commoner
  MTOWBA22  Commoner
  MTOWBA23  Commoner
  MTOWBA24  Commoner
  MTOWBA25  Commoner
  MTOWBA26  Commoner
  MTOWBA27  Commoner
  MTOWBA28  Commoner
  MTOWBA29  Commoner
  MTOWBA3   Commoner
  MTOWBA30  Commoner
  MTOWBA31  Commoner
  MTOWBA32  Commoner
  MTOWBA33  Commoner
  MTOWBA34  Commoner
  MTOWBA35  Commoner
  MTOWBA36  Commoner
  MTOWBA37  Commoner
  MTOWBA38  Commoner
  MTOWBA39  Commoner
  MTOWBA4   Commoner
  MTOWBA40  Commoner
  MTOWBA41  Commoner
  MTOWBA42  Commoner
  MTOWBA43  Commoner
  MTOWBA44  Commoner
  MTOWBA45  Commoner
  MTOWBA46  Commoner
  MTOWBA47  Commoner
  MTOWBA48  Commoner
  MTOWBA49  Commoner
  MTOWBA5   Commoner
  MTOWBA50  Commoner
  MTOWBA51  Commoner
  MTOWBA52  Commoner
  MTOWBA53  Commoner
  MTOWBA54  Commoner
  MTOWBA55  Commoner
  MTOWBA56  Commoner
  MTOWBA6   Commoner
  MTOWBA7   Commoner
  MTOWBA8   Commoner
  MTOWBA9   Commoner
  MTOWBAA1  Commoner
  MTOWBAA2  Commoner
  MTOWBAA3  Commoner
  MTOWBAA4  Commoner
  MTOWBAA5  Commoner
  MTOWBAA6  Commoner
  MTOWBAA7  Commoner
  MTOWBAA8  Commoner
  MTOWBAA9  Commoner
  MTOWBAB1  Commoner
  MTOWBAB2  Commoner
  MTOWBAB3  Commoner
  MTOWBAB4  Commoner
  MTOWBAB5  Commoner
  MTOWBAB6  Commoner
  MTOWBAB7  Commoner
  MTOWBAB8  Commoner
  MTOWBAB9  Commoner
  MTOWBAC1  Commoner
  MTOWBAC2  Commoner
  MTOWBAC3  Commoner
  MTOWBAC4  Commoner
  MTOWBAC5  Commoner
  MTOWBAC6  Commoner
  MTOWBAC7  Commoner
  MTOWBAC8  Commoner
  MTOWBAC9  Commoner
  MTOWBAD1  Commoner
  MTOWBAD2  Commoner
  MTOWBAD3  Commoner
  MTOWBAD4  Commoner
  MTOWBAD5  Commoner
  MTOWBAD7  Commoner
  MTOWBAD8  Commoner
  MTOWBAD9  Commoner
  MTOWBAE1  Commoner
  MTOWBAE2  Commoner
  MTOWBAE3  Commoner
  MTOWBAE4  Commoner
  MTOWBAE5  Commoner
  MTOWBAE6  Commoner
  MTOWBAE7  Commoner
  MTOWBAS0  Commoner
  MTOWBAS1  Commoner
  MTOWBAS2  Commoner
  MTOWBAS3  Commoner
  MTOWBAS4  Commoner
  MTOWBAS5  Commoner
  MTOWBAS6  Commoner
  MTOWBAS7  Commoner
  MTOWBAS8  Commoner
  MTOWBAS9  Commoner
  MTOWBAT1  Commoner
  MTOWBAT2  Commoner
  MTOWBAT3  Commoner
  MTOWBAT4  Commoner
  MTOWBAT5  Commoner
  MTOWBAT6  Commoner
  MTOWBAT7  Commoner
  MTOWBAT8  Commoner
  MTOWBAT9  Commoner
  MTOWBAX1  Commoner
  MTOWBAX2  Commoner
  MTOWBAX3  Commoner
  MTOWBAX4  Commoner
  MTOWBAX5  Commoner
  MTOWBAX6  Commoner
  MTOWBAX7  Commoner
  MTOWBAX8  Commoner
  MTOWBAX9  Commoner
  MTOWBCS1  Commoner
  MTOWBE1   Commoner
  MTOWBE2   Commoner
  MTOWBE3   Commoner
  MTOWBE4   Commoner
  MTOWBE5   Commoner
  MTOWBEB1  Commoner
  MTOWBEB2  Commoner
  MTOWBED1  Commoner
  MTOWBEE1  Commoner
  MTOWBES0  Commoner
  MTOWBES1  Commoner
  MTOWBES2  Commoner
  MTOWBES3  Commoner
  MTOWBES4  Commoner
  MTOWBES5  Commoner
  MTOWBES6  Commoner
  MTOWBES7  Commoner
  MTOWBES8  Commoner
  MTOWBES9  Commoner
  MTOWBESL  Commoner
  MTOWBESS  Commoner
  MTOWBEX1  Commoner
  MTOWBEX2  Commoner
  MTOWBEX3  Commoner
  MTOWBEX4  Commoner
  MTOWBEX5  Commoner
  MTOWBEX6  Commoner
  MTOWBEX7  Commoner
  MTOWBEX8  Commoner
  MTOWBEX9  Commoner
  MTOWBS1   Commoner
  MTOWBST1  Commoner
  MTOWBST2  Commoner
  MTOWBX1   Commoner
  MTOWBX2   Commoner
  MTOWBX3   Commoner
  MTOWBX4   Commoner
  MTOWBX5   Commoner
  MTOWBX6   Commoner
  MTOWB_D1  Commoner
  MTOWB_E1  Commoner
  MTOWFR1   Commoner
  MTOWFRA1  Commoner
  MTOWFRS1  Commoner
  MTOWFRS2  Commoner
  MTOWFRS3  Commoner
  MTOWFRS4  Commoner
  MTOWFRS5  Commoner
  MTOWN10   Commoner
  MTOWN11   Commoner
  MTOWN12   Commoner
  MTOWN7    Commoner
  MTOWN8    Commoner
  MTOWN9    Commoner
  MTOWNA1   Commoner
  MTOWNA2   Commoner
  MTOWNA3   Commoner
  MTOWNSC1  Commoner
  MTOWNSC2  Commoner
  MTOWNST1  Commoner
  MTOWNST2  Commoner
  MTOWSN1   Commoner
  MTWBAX1   Commoner
  MTWBAX10  Commoner
  MTWBAX11  Commoner
  MTWBAX12  Commoner
  MTWBAX13  Commoner
  MTWBAX14  Commoner
  MTWBAX15  Commoner
  MTWBAX16  Commoner
  MTWBAX17  Commoner
  MTWBAX18  Commoner
  MTWBAX19  Commoner
  MTWBAX2   Commoner
  MTWBAX20  Commoner
  MTWBAX21  Commoner
  MTWBAX22  Commoner
  MTWBAX23  Commoner
  MTWBAX24  Commoner
  MTWBAX25  Commoner
  MTWBAX26  Commoner
  MTWBAX27  Commoner
  MTWBAX28  Commoner
  MTWBAX29  Commoner
  MTWBAX3   Commoner
  MTWBAX30  Commoner
  MTWBAX31  Commoner
  MTWBAX32  Commoner
  MTWBAX33  Commoner
  MTWBAX34  Commoner
  MTWBAX35  Commoner
  MTWBAX36  Commoner
  MTWBAX37  Commoner
  MTWBAX38  Commoner
  MTWBAX39  Commoner
  MTWBAX4   Commoner
  MTWBAX40  Commoner
  MTWBAX41  Commoner
  MTWBAX42  Commoner
  MTWBAX43  Commoner
  MTWBAX44  Commoner
  MTWBAX45  Commoner
  MTWBAX46  Commoner
  MTWBAX47  Commoner
  MTWBAX48  Commoner
  MTWBAX49  Commoner
  MTWBAX5   Commoner
  MTWBAX50  Commoner
  MTWBAX51  Commoner
  MTWBAX52  Commoner
  MTWBAX53  Commoner
  MTWBAX54  Commoner
  MTWBAX55  Commoner
  MTWBAX56  Commoner
  MTWBAX57  Commoner
  MTWBAX58  Commoner
  MTWBAX6   Commoner
  MTWBAX7   Commoner
  MTWBAX8   Commoner
  MTWBAX9   Commoner
  MTWBAXA1  Commoner
  MTWBAXA2  Commoner
  MTWBAXA3  Commoner
  MTWBAXA4  Commoner
  MTWBAXA5  Commoner
  MTWBAXA6  Commoner
  MTWBAXA7  Commoner
  MTWBAXA8  Commoner
  MTWBAXA9  Commoner
  MTWBAXB1  Commoner
  MTWBAXB2  Commoner
  MTWBAXB3  Commoner
  MTWBAXB4  Commoner
  MTWBAXB5  Commoner
  MTWBAXB6  Commoner
  MTWBAXB7  Commoner
  MTWBAXB8  Commoner
  MTWBAXB9  Commoner
  MTWBAXC1  Commoner
  MTWBAXC2  Commoner
  MTWBAXC3  Commoner
  MTWBAXC4  Commoner
  MTWBAXC5  Commoner
  MTWBAXC6  Commoner
  MTWBAXC7  Commoner
  MTWBAXC8  Commoner
  MTWBAXC9  Commoner
  MTWBAXD1  Commoner
  MTWBAXD2  Commoner
  MTWBAXD3  Commoner
  MTWBAXD4  Commoner
  MTWBAXD5  Commoner
  MTWBAXD6  Commoner
  MTWBAXD7  Commoner
  MTWBAXD8  Commoner
  MTWBAXD9  Commoner
  MTWBAXE1  Commoner
  MTWBAXE2  Commoner
  MTWBAXE3  Commoner
  MTWBAXE4  Commoner
  MTWBAXE5  Commoner
  MTWBAXE6  Commoner
  MTWBAXE7  Commoner
  MTWBAXE8  Commoner
  MTWBAXE9  Commoner
  MTWBA_B2  Commoner
  MTWBA_D1  Commoner
  MTWBA_E1  Commoner
  MTWBX_B1  Commoner
  MTWBX_E1  Commoner
  NOBAXC2   Nobleman
  NOBBAXA1  Nobleman
  NOBBAXA2  Nobleman
  NOBBAXA3  Nobleman
  NOBBAXB1  Nobleman
  NOBBAXB2  Nobleman
  NOBBAXB3  Nobleman
  NOBBAXB4  Nobleman
  NOBBAXB5  Nobleman
  NOBBAXC1  Nobleman
  NOBBAXC2  Nobleman
  NOBBAXC3  Nobleman
  NOBBAXC4  Nobleman
  NOBBAXD1  Nobleman
  NOBBAXD2  Nobleman
  NOBBAXD3  Nobleman
  NOBBAXD4  Nobleman
  NOBBAXD5  Nobleman
  NOBBAXD6  Nobleman
  NOBBAXE1  Nobleman
  NOBBAXE2  Nobleman
  NOBBAXE3  Nobleman
  NOBBAXE4  Nobleman
  NOBL16    Nobleman
  NOBL17    Nobleman
  NOBL18    Nobleman
  NOBL19    Nobleman
  NOBL20    Nobleman
  NOBLBAA1  Nobleman
  NOBLBAA2  Nobleman
  NOBLBAA3  Nobleman
  NOBLBAA4  Nobleman
  NOBLBAB1  Nobleman
  NOBLBAC1  Nobleman
  NOBLBAD1  Nobleman
  NOBLBAD2  Nobleman
  NOBLBAD3  Nobleman
  NOBLBAE1  Nobleman
  NOBW10    Noblewoman
  NOBWBA1   Noblewoman
  NOBWBAD1  Noblewoman
  NOWBAXA1  Noblewoman
  NOWBAXA2  Noblewoman
  NOWBAXA3  Noblewoman
  NOWBAXA4  Noblewoman
  NOWBAXA5  Noblewoman
  NOWBAXA6  Noblewoman
  NOWBAXA7  Noblewoman
  NOWBAXB1  Noblewoman
  NOWBAXB2  Noblewoman
  NOWBAXB3  Noblewoman
  NOWBAXB4  Noblewoman
  NOWBAXC2  Noblewoman
  NOWBAXC3  Noblewoman
  NOWBAXC4  Noblewoman
  NOWBAXD1  Noblewoman
  NOWBAXD2  Noblewoman
  NOWBAXD3  Noblewoman
  NOWBAXD4  Noblewoman
  NOWBAXD5  Noblewoman
  NOWBAXD6  Noblewoman
  NOWBAXE1  Noblewoman
  NOWBAXE2  Noblewoman
  NOWBAXE3  Noblewoman
  NOWBAXE5  Noblewoman
  PNASHK1   Performer
  POGHM11   Priest of Oghma
  POGHM12   Priest of Oghma
  POGHM13   Priest of Oghma
  POGHM14   Priest of Oghma
  POGHM15   Priest of Oghma
  POGHM16   Priest of Oghma
  PROSLAY1  Courtesan
  PROSLAY2  Courtesan
  PROSLAY3  Courtesan
  PROSLAY4  Courtesan
  PROST10   Courtesan
  PROST11   Courtesan
  PROST12   Courtesan
  PROST13   Courtesan
  PROST14   Courtesan
  PROST15   Courtesan
  PROST16   Courtesan
  PROST17   Courtesan
  PROST18   Courtesan
  PROST19   Courtesan
  PROST20   Courtesan
  PROST21   Courtesan
  PROST22   Courtesan
  PROST23   Courtesan
  PROST24   Courtesan
  PROST25   Courtesan
  PROST26   Courtesan
  PROST27   Courtesan
  PROST9    Courtesan
  PRSBAXA1  Courtesan
  PRSBAXB1  Courtesan
  PRSBAXB2  Courtesan
  PRSBAXC1  Courtesan
  PRSBAXC2  Courtesan
  PRSBAXC3  Courtesan
  PRSBAXC4  Courtesan
  PRSBAXC5  Courtesan
  PRS_A1    Courtesan
  PUMBER1   Priestess of Umberlee
  PUMBER3   Priestess of Umberlee
  READ3_1   Reader
  READ3_10  Reader
  READ3_11  Reader
  READ3_12  Reader
  READ3_13  Reader
  READ3_2   Reader
  READ3_3   Reader
  READ3_4   Reader
  READ3_5   Reader
  READ3_6   Reader
  READ3_7   Reader
  READ3_8   Reader
  READ3_9   Reader
  SLAV1_1   Slave
  SLAV1_2   Slave
  SLAV1_3   Slave
  SMITH1    Smith
  SMITH2    Smith
  THIEF10   Rogue
  THIEF11   Rogue
  THIEF12   Rogue
  THIEF9    Rogue
  THIEFG1   Rogue
  THIEFG2   Rogue
  THIEFG3   Rogue
  WATCH10   Watcher
  WATCH11   Watcher
  WATCH12   Watcher
  WATCH13   Watcher
  WATCH14   Watcher
  WATCH15   Watcher
  WATCH6_1  Watcher
  WATCH6_2  Watcher
  WATCH6_3  Watcher
  WATCH6_4  Watcher
  WATCH6_5  Watcher
  WATCH6_6  Watcher
  WATCH6_7  Watcher
  WATCH6_8  Watcher

CHANGED (8):
  BORK      Bork
    deathvar: None -> bork
  MONTAR    Montaron
    class: FIGHTER_THIEF -> THIEF
    anim: FIGHTER_MALE_HALFLING -> THIEF_MALE_HALFLING
  MONTAR2   Montaron
    class: FIGHTER_THIEF -> THIEF
    anim: FIGHTER_MALE_HALFLING -> THIEF_MALE_HALFLING
    level: 1 -> 2
  MONTAR4   Montaron
    class: FIGHTER_THIEF -> THIEF
    anim: FIGHTER_MALE_HALFLING -> THIEF_MALE_HALFLING
    level: 3 -> 4
    generalScript: WTARSGT -> WTASIGHT
    weapon2: AX1H04 -> 
  MONTAR6   Montaron
    class: FIGHTER_THIEF -> THIEF
    anim: FIGHTER_MALE_HALFLING -> THIEF_MALE_HALFLING
    level: 5 -> 6
    generalScript: WTARSGT -> WTASIGHT
    weapon2: AX1H04 -> 
  SHARTE    Shar-Teel
    lring:  -> MONHP1
  SHARTE4   Shar-Teel
    lring:  -> MONHP1
  SHARTE6   Shar-Teel
    lring:  -> MONHP1
