stratagems_iwd: 79 new, 19 changed, 0 removed

NEW (79):
  SPIN128;7;Innate;SEVEN_EYES_MIND;Eye of the Mind
  SPIN129;7;Innate;SEVEN_EYES_MAGE;Eye of the Mage
  SPIN130;7;Innate;SEVEN_EYES_SWORD;Eye of the Sword
  SPIN131;7;Innate;SEVEN_EYES_VENOM;Eye of Venom
  SPIN132;4;Innate;SEVEN_EYES_FORTITUDE;Eye of Fortitude
  SPIN133;7;Innate;SEVEN_EYES_SPIRIT;Eye of the Spirit
  SPIN134;7;Innate;SEVEN_EYES_STONE;Eye of Stone
  SPIN135;1;Innate;INNATE_BOMBARDIER_BEETLE_CLOUD;
  SPPR124;1;Priest;CLERIC_CURSE;Curse
  SPPR222;2;Priest;CLERIC_ALICORN_LANCE;Alicorn Lance
  SPPR223;2;Priest;CLERIC_BEAST_CLAW;Beast Claw
  SPPR328;3;Priest;CLERIC_PRAYER;Prayer
  SPPR329;3;Priest;CLERIC_CAUSE_DISEASE;Cause Disease
  SPPR330;3;Priest;CLERIC_EXALTATION;Exaltation
  SPPR331;3;Priest;CLERIC_MOONBLADE;Moonblade
  SPPR332;3;Priest;CLERIC_CIRCLE_OF_BONES;Circle of Bones
  SPPR333;3;Priest;CLERIC_CLOUDBURST;Cloudburst
  SPPR334;3;Priest;CLERIC_MOLD_TOUCH;Mold Touch
  SPPR335;3;Priest;CLERIC_STORM_SHELL;Storm Shell
  SPPR336;3;Priest;CLERIC_FAVOR_OF_ILMATER;Favor of Ilmater
  SPPR420;4;Priest;CLERIC_PRODUCE_FIRE;Produce Fire
  SPPR421;4;Priest;CLERIC_STATIC_CHARGE;Static Charge
  SPPR422;4;Priest;CLERIC_RECITATION;Recitation
  SPPR423;4;Priest;CLERIC_BLOOD_RAGE;Blood Rage
  SPPR424;4;Priest;CLERIC_CLOUD_OF_PESTILENCE;Cloud of Pestilence
  SPPR425;4;Priest;CLERIC_UNFAILING_ENDURANCE;Unfailing Endurance
  SPPR426;4;Priest;CLERIC_STAR_METAL_CUDGEL;Star Metal Cudgel
  SPPR427;4;Priest;CLERIC_SMASHING_WAVE;Smashing Wave
  SPPR428;4;Priest;CLERIC_THORN_SPRAY;Thorn Spray
  SPPR429;4;Priest;CLERIC_WALL_OF_MOONLIGHT;Wall of Moonlight
  SPPR430;4;Priest;CLERIC_GIANT_INSECT;Giant Insect
  SPPR525;5;Priest;CLERIC_RIGHTEOUS_WRATH_OF_THE_FAITHFUL;Righteous Wrath of the Faithful
  SPPR526;5;Priest;CLERIC_SPIKE_STONES;Spike Stones
  SPPR527;5;Priest;CLERIC_SHIELD_OF_LATHANDER;Shield of Lathander
  SPPR528;5;Priest;CLERIC_UNDEAD_WARD;Undead Ward
  SPPR529;5;Priest;CLERIC_ANIMAL_RAGE;Animal Rage
  SPPR530;5;Priest;CLERIC_MASS_CAUSE_LIGHT_WOUNDS;Mass Cause Light Wounds
  SPPR531;5;Priest;CLERIC_PHYSICAL_MIRROR;Physical Mirror
  SPPR620;6;Priest;CLERIC_ENTROPY_SHIELD;Entropy Shield
  SPPR621;6;Priest;CLERIC_WHIRLWIND;Whirlwind
  SPPR622;6;Priest;CLERIC_SPIRITUAL_WRATH;Spiritual Wrath
  SPPR714;7;Priest;CLERIC_ENERGY_DRAIN;Energy Drain
  SPPR734;7;Priest;CLERIC_SYMBOL_PAIN;Symbol, Pain
  SPPR735;7;Priest;CLERIC_SYMBOL_HOPELESSNESS;Symbol, Hopelessness
  SPPR736;7;Priest;CLERIC_IMPERVIOUS_SANCTITY_OF_MIND;Impervious Sanctity of Mind
  SPPR737;7;Priest;CLERIC_DESTRUCTION;Destruction
  SPPR738;7;Priest;CLERIC_GREATER_SHIELD_OF_LATHANDER;Greater Shield of Lathander
  SPPR739;7;Priest;CLERIC_MIST_OF_ELDATH;Mist of Eldath
  SPPR740;7;Priest;CLERIC_WITHER;Wither
  SPWI227;2;Wizard;WIZARD_SNILLOCS_SNOWBALL_SWARM;Snilloc's Snowball Swarm
  SPWI228;2;Wizard;WIZARD_DECASTAVE;Decastave
  SPWI229;2;Wizard;WIZARD_CATS_GRACE;Cat's Grace
  SPWI327;3;Wizard;WIZARD_LANCE_OF_DISRUPTION;Lance of Disruption
  SPWI427;4;Wizard;WIZARD_BELTYNS_BURNING_BLOOD;Beltyn's Burning Blood
  SPWI428;4;Wizard;WIZARD_EMOTION_COURAGE;Emotion, Courage
  SPWI429;4;Wizard;WIZARD_EMOTION_HOPE;Emotion, Hope
  SPWI430;4;Wizard;WIZARD_EMOTION_FEAR;Emotion, Fear
  SPWI431;4;Wizard;WIZARD_MORDENKAINENS_FORCE_MISSILES;Mordenkainen's Force Missiles
  SPWI432;4;Wizard;WIZARD_SHOUT;Shout
  SPWI433;4;Wizard;WIZARD_SHADOW_MONSTERS;Shadow Monsters
  SPWI525;5;Wizard;WIZARD_SHROUD_OF_FLAME;Shroud of Flame
  SPWI526;5;Wizard;WIZARD_CONJURE_LESSER_WATER_ELEMENTAL;Conjure Lesser Water Elemental
  SPWI527;5;Wizard;WIZARD_DEMI_SHADOW_MONSTERS;Demi-Shadow Monsters
  SPWI626;6;Wizard;WIZARD_OTILUKES_FREEZING_SPHERE;Otiluke's Freezing Sphere
  SPWI627;6;Wizard;WIZARD_DARTS_OF_BONE;Darts of Bone
  SPWI628;6;Wizard;WIZARD_SOUL_EATER;Soul Eater
  SPWI629;6;Wizard;WIZARD_TROLLISH_FORTITUDE;Trollish Fortitude
  SPWI630;6;Wizard;WIZARD_ANTIMAGIC_SHELL;Antimagic Shell
  SPWI631;6;Wizard;WIZARD_LICH_TOUCH;Lich Touch
  SPWI632;6;Wizard;WIZARD_SHADES;Shades
  SPWI633;6;Wizard;WIZARD_CONJURE_WATER_ELEMENTAL;Conjure Water Elemental
  SPWI724;7;Wizard;WIZARD_ACID_STORM;Acid Storm
  SPWI725;7;Wizard;WIZARD_SUFFOCATE;Suffocate
  SPWI726;7;Wizard;WIZARD_MORDENKAINENS_SWORD_IWD;Mordenkainen's Force Blade
  SPWI727;7;Wizard;WIZARD_MALAVONS_RAGE;Malavon's Rage
  SPWI728;7;Wizard;WIZARD_SEVEN_EYES;Seven Eyes
  SPWI819;8;Wizard;WIZARD_GREAT_SHOUT;Great Shout
  SPWI820;8;Wizard;WIZARD_IRON_BODY;Iron Body
  SPWI901;9;Wizard;WIZARD_MONSTER_SUMMONING_7;Monster Summoning VII

CHANGED (19):
  SPCL103   Aura of Despair
    ids: AURA_OF_DESPAIR -> BLACKGUARD_AURA_OF_DESPAIR

  SPCL238   Flaming Fists
    ids:  -> SUN_SOUL_FLAMING_FISTS

  SPCL935   Summon Fallen Deva
    ids:  -> BLACKGUARD_SUMMON_FALLEN_DEVA

  SPPR210   Resist Elements
    ids: CLERIC_RESIST_ELEMENTS -> CLERIC_RESIST_FIRE

  SPPR307   Break Enchantment
    ids: CLERIC_BREAK_ENCHANTMENT -> CLERIC_REMOVE_CURSE

  SPPR318   Gust of Wind
    ids: CLERIC_GUST_OF_WIND -> CLERIC_ZONE_OF_SWEET_AIR

  SPPR613   Physical Mirror
    ids: CLERIC_PHYSICAL_MIRROR -> CLERIC_MIRROR_OLD

  SPPR702   Summon Shambling Mound -> Stalker

  SPPR709   Chaos
    ids: CLERIC_CHAOS -> CLERIC_CONFUSION

  SPWI207   Battering Ram
    ids: WIZARD_BATTERING_RAM -> WIZARD_KNOCK

  SPWI410   Break Enchantment
    ids: WIZARD_BREAK_ENCHANTMENT -> WIZARD_REMOVE_CURSE

  SPWI411   Emotion: Despair -> Emotion, Hopelessness

  SPWI423   Monster Summoning IV
    ids: WIZARD_MONSTER_SUMMONING_LEVEL_4 -> WIZARD_SPIDER_SPAWN

  SPWI510   Dispelling Screen
    ids: WIZARD_DISPELLING_SCREEN -> WIZARD_SPELL_IMMUNITY

  SPWI605   Banishment
    ids: WIZARD_BANISHMENT -> WIZARD_DEATH_SPELL

  SPWI614   Acid Fog
    ids: WIZARD_ACID_FOG -> WIZARD_DEATH_FOG

  SPWI623   Animate Skeleton Warrior
    ids: WIZARD_ANIMATE_SKELETON_WARRIOR -> WIZARD_CARRION

  SPWI701   Greater Spell Deflection
    ids: WIZARD_GREATER_SPELL_DEFLECTION -> WIZARD_SPELL_TURNING

  SPWI711   Chaos
    ids: WIZARD_CHAOS -> WIZARD_SPHERE_OF_CHAOS
